
> remindme@0.0.0 test
> ng test --no-watch --code-coverage

node.exe : [1m[33m[baseline-browser-mapping] The data in this module is over two months old.  To ensure accurate Baseline data, please 
update: `npm i baseline-browser-mapping@latest -D`[39m[22m
En línea: 1 Carácter: 1
+ & "C:\Program Files\nodejs/node.exe" "C:\Program Files\nodejs/node_mo ...
+ ~~~~~~~~~~~~~~~~~~~~~~~~~~~~~~~~~~~~~~~~~~~~~~~~~~~~~~~~~~~~~~~~~~~~~
    + CategoryInfo          : NotSpecified: ([1m[33m[basel...t -D`[39m[22m:String) [], RemoteException
    + FullyQualifiedErrorId : NativeCommandError
 
[33mÔØ»[39m Building...
[baseline-browser-mapping] The data in this module is over two months old.  To ensure accurate Baseline data, please update: `npm i 
baseline-browser-mapping@latest -D`
[baseline-browser-mapping] The data in this module is over two months old.  To ensure accurate Baseline data, please update: `npm i 
baseline-browser-mapping@latest -D`
[baseline-browser-mapping] The data in this module is over two months old.  To ensure accurate Baseline data, please update: `npm i 
baseline-browser-mapping@latest -D`
[baseline-browser-mapping] The data in this module is over two months old.  To ensure accurate Baseline data, please update: `npm i 
baseline-browser-mapping@latest -D`
[32mÔ£ö[39m Building...
[1mInitial chunk files[22m                   [2m | [22m[1mNames[22m                              [2m | [22m [1mRaw size[22m
[32mchunk-5BCDSRZK.js[39m                     [2m | [22m[2m-[22m                                  [2m | [22m  [36m1.17 MB[39m[2m | [22m
[32mchunk-ETPD2SLM.js[39m                     [2m | [22m[2m-[22m                                  [2m | [22m  [36m1.13 MB[39m[2m | [22m
[32mpolyfills.js[39m                          [2m | [22m[2mpolyfills[22m                          [2m | [22m  [36m1.04 MB[39m[2m | [22m
[32mchunk-LPLXBGFF.js[39m                     [2m | [22m[2m-[22m                                  [2m | [22m[36m518.80 kB[39m[2m | [22m
[32mchunk-P54S67GZ.js[39m                     [2m | [22m[2m-[22m                                  [2m | [22m[36m253.77 kB[39m[2m | [22m
[32mchunk-6OSMKUPZ.js[39m                     [2m | [22m[2m-[22m                                  [2m | [22m[36m242.87 kB[39m[2m | [22m
[32mchunk-CIFTVC6H.js[39m                     [2m | [22m[2m-[22m                                  [2m | [22m[36m198.23 kB[39m[2m | [22m
[32mspec-reminder-list.component.spec.js[39m  [2m | [22m[2mspec-reminder-list.component.spec[22m  [2m | [22m[36m155.80 kB[39m[2m | [22m
[32mspec-reminder-form.component.spec.js[39m  [2m | [22m[2mspec-reminder-form.component.spec[22m  [2m | [22m[36m155.09 kB[39m[2m | [22m
[32mspec-app.spec.js[39m                      [2m | [22m[2mspec-app.spec[22m                      [2m | [22m[36m114.80 kB[39m[2m | [22m
[32mchunk-OFR54VD2.js[39m                     [2m | [22m[2m-[22m                                  [2m | [22m [36m93.96 kB[39m[2m | [22m
[32mchunk-UJT6Z7VR.js[39m                     [2m | [22m[2m-[22m                                  [2m | [22m [36m88.03 kB[39m[2m | [22m
[32mjasmine-cleanup-1.js[39m                  [2m | [22m[2mjasmine-cleanup-1[22m                  [2m | [22m [36m67.20 kB[39m[2m | [22m
[32mchunk-QKMO73QM.js[39m                     [2m | [22m[2m-[22m                                  [2m | [22m [36m63.20 kB[39m[2m | [22m
[32mstyles.css[39m                            [2m | [22m[2mstyles[22m                             [2m | [22m [36m56.76 kB[39m[2m | [22m
[32mchunk-HFUMYR76.js[39m                     [2m | [22m[2m-[22m                                  [2m | [22m [36m52.65 kB[39m[2m | [22m
[32mchunk-57HUMXWH.js[39m                     [2m | [22m[2m-[22m                                  [2m | [22m [36m45.31 kB[39m[2m | [22m
[32mchunk-FYS3MP2K.js[39m                     [2m | [22m[2m-[22m                                  [2m | [22m [36m43.42 kB[39m[2m | [22m
[32mchunk-D5OCM25B.js[39m                     [2m | [22m[2m-[22m                                  [2m | [22m [36m41.90 kB[39m[2m | [22m
[32mchunk-LJESRCLV.js[39m                     [2m | [22m[2m-[22m                                  [2m | [22m [36m40.55 kB[39m[2m | [22m
[32mchunk-D6KHTAI6.js[39m                     [2m | [22m[2m-[22m                                  [2m | [22m [36m36.49 kB[39m[2m | [22m
[32mspec-register.component.spec.js[39m       [2m | [22m[2mspec-register.component.spec[22m       [2m | [22m [36m35.51 kB[39m[2m | [22m
[32mspec-login.component.spec.js[39m          [2m | [22m[2mspec-login.component.spec[22m          [2m | [22m [36m33.30 kB[39m[2m | [22m
[32mchunk-45UHMV6E.js[39m                     [2m | [22m[2m-[22m                                  [2m | [22m [36m24.48 kB[39m[2m | [22m
[32mtest_main.js[39m                          [2m | [22m[2mtest_main[22m                          [2m | [22m [36m21.91 kB[39m[2m | [22m
[32mspec-home.component.spec.js[39m           [2m | [22m[2mspec-home.component.spec[22m           [2m | [22m [36m18.31 kB[39m[2m | [22m
[32mspec-reminder.service.spec.js[39m         [2m | [22m[2mspec-reminder.service.spec[22m         [2m | [22m [36m16.09 kB[39m[2m | [22m
[32mchunk-AFXFTOPQ.js[39m                     [2m | [22m[2m-[22m                                  [2m | [22m [36m10.23 kB[39m[2m | [22m
[32mspec-privacy-policy.spec.js[39m           [2m | [22m[2mspec-privacy-policy.spec[22m           [2m | [22m  [36m9.41 kB[39m[2m | [22m
[32mspec-terms-of-service.spec.js[39m         [2m | [22m[2mspec-terms-of-service.spec[22m         [2m | [22m  [36m8.75 kB[39m[2m | [22m
[32mspec-category.service.spec.js[39m         [2m | [22m[2mspec-category.service.spec[22m         [2m | [22m  [36m7.88 kB[39m[2m | [22m
[32mspec-auth.guard.spec.js[39m               [2m | [22m[2mspec-auth.guard.spec[22m               [2m | [22m  [36m7.86 kB[39m[2m | [22m
[32mspec-guest.guard.spec.js[39m              [2m | [22m[2mspec-guest.guard.spec[22m              [2m | [22m  [36m6.84 kB[39m[2m | [22m
[32mspec-notification.service.spec.js[39m     [2m | [22m[2mspec-notification.service.spec[22m     [2m | [22m  [36m6.19 kB[39m[2m | [22m
[32mchunk-2ZVVHJ5I.js[39m                     [2m | [22m[2m-[22m                                  [2m | [22m  [36m5.22 kB[39m[2m | [22m
[32mspec-geolocation.service.spec.js[39m      [2m | [22m[2mspec-geolocation.service.spec[22m      [2m | [22m  [36m4.62 kB[39m[2m | [22m
[32mspec-icon-name.pipe.spec.js[39m           [2m | [22m[2mspec-icon-name.pipe.spec[22m           [2m | [22m  [36m4.17 kB[39m[2m | [22m
[32mspec-supabase.service.spec.js[39m         [2m | [22m[2mspec-supabase.service.spec[22m         [2m | [22m  [36m3.92 kB[39m[2m | [22m
[32mspec-pwa.service.spec.js[39m              [2m | [22m[2mspec-pwa.service.spec[22m              [2m | [22m  [36m3.75 kB[39m[2m | [22m
[32mchunk-S35DAJRX.js[39m                     [2m | [22m[2m-[22m                                  [2m | [22m  [36m3.56 kB[39m[2m | [22m
[32mspec-location-picker.component.spec.js[39m[2m | [22m[2mspec-location-picker.component.spec[22m[2m | [22m  [36m1.43 kB[39m[2m | [22m
[32mspec-google-maps.service.spec.js[39m      [2m | [22m[2mspec-google-maps.service.spec[22m      [2m | [22m[36m727 bytes[39m[2m | [22m
[32mjasmine-cleanup-0.js[39m                  [2m | [22m[2mjasmine-cleanup-0[22m                  [2m | [22m[36m519 bytes[39m[2m | [22m

[1m [22m                                     [2m | [22m[1mInitial total[22m                      [2m | [22m  [1m5.84 MB[22m

Application bundle generation complete. [1.951 seconds] - 2026-01-30T09:59:01.345Z

[32m30 01 2026 04:59:01.551:INFO [karma-server]: [39mKarma v6.4.4 server started at http://localhost:9876/
[32m30 01 2026 04:59:01.552:INFO [launcher]: [39mLaunching browsers ChromeHeadless with concurrency unlimited
[32m30 01 2026 04:59:01.562:INFO [launcher]: [39mStarting browser ChromeHeadless
[32m30 01 2026 04:59:05.595:INFO [Chrome Headless 144.0.0.0 (Windows 10)]: [39mConnected on socket gFhV-YN2y0k30bLcAAAB with id 49444439
Chrome Headless 144.0.0.0 (Windows 10): Executed 0 of 168[32m SUCCESS[39m (0 secs / 0 secs)
[1A[2K[31mChrome Headless 144.0.0.0 (Windows 10) ReminderFormComponent should require location before saving FAILED[39m
	╔ÁNotFound: NG0201: No provider found for `_TranslateService`. Source: Standalone[ReminderFormComponent2]. Find more at https://v20.angular.dev/errors/NG0201
	error properties: Object({ code: -201, ngErrorCode: -201, ngErrorMessage: 'No provider found for `_TranslateService`.', ngTokenPath: [ '_TranslateService' ] })
	╔ÁNotFound: NG0201: No provider found for `_TranslateService`. Source: Standalone[ReminderFormComponent2]. Find more at https://v20.angular.dev/errors/NG0201
	    at createRuntimeError (http://localhost:9876/k8-fastbuild-ST-199a4f3c4e20/bin/packages/core/src/render3/errors_di.ts:130:17)
	    at NullInjector.get (http://localhost:9876/k8-fastbuild-ST-199a4f3c4e20/bin/packages/core/src/di/null_injector.ts:20:21)
	    at R3Injector.get (http://localhost:9876/k8-fastbuild-ST-199a4f3c4e20/bin/packages/core/src/di/r3_injector.ts:381:27)
	    at R3Injector.get (http://localhost:9876/k8-fastbuild-ST-199a4f3c4e20/bin/packages/core/src/di/r3_injector.ts:381:27)
	    at R3Injector.get (http://localhost:9876/k8-fastbuild-ST-199a4f3c4e20/bin/packages/core/src/di/r3_injector.ts:381:27)
	    at ChainedInjector.get (http://localhost:9876/k8-fastbuild-ST-199a4f3c4e20/bin/packages/core/src/render3/chained_injector.ts:43:32)
	    at lookupTokenUsingModuleInjector (http://localhost:9876/k8-fastbuild-ST-199a4f3c4e20/bin/packages/core/src/render3/di.ts:426:64)
	    at getOrCreateInjectable (http://localhost:9876/k8-fastbuild-ST-199a4f3c4e20/bin/packages/core/src/render3/di.ts:493:10)
	    at ╔Á╔ÁdirectiveInject (http://localhost:9876/k8-fastbuild-ST-199a4f3c4e20/bin/packages/core/src/render3/instructions/di.ts:58:17)
	    at ╔Á╔Áinject (http://localhost:9876/k8-fastbuild-ST-199a4f3c4e20/bin/packages/core/src/di/injector_compatibility.ts:144:40)
Chrome Headless 144.0.0.0 (Windows 10): Executed 1 of 168[31m (1 FAILED)[39m (0 secs / 0.161 secs)
[1A[2K[31mChrome Headless 144.0.0.0 (Windows 10) ReminderFormComponent should validate required fields before saving FAILED[39m
	╔ÁNotFound: NG0201: No provider found for `_TranslateService`. Source: Standalone[ReminderFormComponent2]. Find more at https://v20.angular.dev/errors/NG0201
	error properties: Object({ code: -201, ngErrorCode: -201, ngErrorMessage: 'No provider found for `_TranslateService`.', ngTokenPath: [ '_TranslateService' ] })
	╔ÁNotFound: NG0201: No provider found for `_TranslateService`. Source: Standalone[ReminderFormComponent2]. Find more at https://v20.angular.dev/errors/NG0201
	    at createRuntimeError (http://localhost:9876/k8-fastbuild-ST-199a4f3c4e20/bin/packages/core/src/render3/errors_di.ts:130:17)
	    at NullInjector.get (http://localhost:9876/k8-fastbuild-ST-199a4f3c4e20/bin/packages/core/src/di/null_injector.ts:20:21)
	    at R3Injector.get (http://localhost:9876/k8-fastbuild-ST-199a4f3c4e20/bin/packages/core/src/di/r3_injector.ts:381:27)
	    at R3Injector.get (http://localhost:9876/k8-fastbuild-ST-199a4f3c4e20/bin/packages/core/src/di/r3_injector.ts:381:27)
	    at R3Injector.get (http://localhost:9876/k8-fastbuild-ST-199a4f3c4e20/bin/packages/core/src/di/r3_injector.ts:381:27)
	    at ChainedInjector.get (http://localhost:9876/k8-fastbuild-ST-199a4f3c4e20/bin/packages/core/src/render3/chained_injector.ts:43:32)
	    at lookupTokenUsingModuleInjector (http://localhost:9876/k8-fastbuild-ST-199a4f3c4e20/bin/packages/core/src/render3/di.ts:426:64)
	    at getOrCreateInjectable (http://localhost:9876/k8-fastbuild-ST-199a4f3c4e20/bin/packages/core/src/render3/di.ts:493:10)
	    at ╔Á╔ÁdirectiveInject (http://localhost:9876/k8-fastbuild-ST-199a4f3c4e20/bin/packages/core/src/render3/instructions/di.ts:58:17)
	    at ╔Á╔Áinject (http://localhost:9876/k8-fastbuild-ST-199a4f3c4e20/bin/packages/core/src/di/injector_compatibility.ts:144:40)
Chrome Headless 144.0.0.0 (Windows 10): Executed 2 of 168[31m (2 FAILED)[39m (0 secs / 0.165 secs)
[1A[2K[31mChrome Headless 144.0.0.0 (Windows 10) ReminderFormComponent should create reminder with valid data FAILED[39m
	╔ÁNotFound: NG0201: No provider found for `_TranslateService`. Source: Standalone[ReminderFormComponent2]. Find more at https://v20.angular.dev/errors/NG0201
	error properties: Object({ code: -201, ngErrorCode: -201, ngErrorMessage: 'No provider found for `_TranslateService`.', ngTokenPath: [ '_TranslateService' ] })
	╔ÁNotFound: NG0201: No provider found for `_TranslateService`. Source: Standalone[ReminderFormComponent2]. Find more at https://v20.angular.dev/errors/NG0201
	    at createRuntimeError (http://localhost:9876/k8-fastbuild-ST-199a4f3c4e20/bin/packages/core/src/render3/errors_di.ts:130:17)
	    at NullInjector.get (http://localhost:9876/k8-fastbuild-ST-199a4f3c4e20/bin/packages/core/src/di/null_injector.ts:20:21)
	    at R3Injector.get (http://localhost:9876/k8-fastbuild-ST-199a4f3c4e20/bin/packages/core/src/di/r3_injector.ts:381:27)
	    at R3Injector.get (http://localhost:9876/k8-fastbuild-ST-199a4f3c4e20/bin/packages/core/src/di/r3_injector.ts:381:27)
	    at R3Injector.get (http://localhost:9876/k8-fastbuild-ST-199a4f3c4e20/bin/packages/core/src/di/r3_injector.ts:381:27)
	    at ChainedInjector.get (http://localhost:9876/k8-fastbuild-ST-199a4f3c4e20/bin/packages/core/src/render3/chained_injector.ts:43:32)
	    at lookupTokenUsingModuleInjector (http://localhost:9876/k8-fastbuild-ST-199a4f3c4e20/bin/packages/core/src/render3/di.ts:426:64)
	    at getOrCreateInjectable (http://localhost:9876/k8-fastbuild-ST-199a4f3c4e20/bin/packages/core/src/render3/di.ts:493:10)
	    at ╔Á╔ÁdirectiveInject (http://localhost:9876/k8-fastbuild-ST-199a4f3c4e20/bin/packages/core/src/render3/instructions/di.ts:58:17)
	    at ╔Á╔Áinject (http://localhost:9876/k8-fastbuild-ST-199a4f3c4e20/bin/packages/core/src/di/injector_compatibility.ts:144:40)
Chrome Headless 144.0.0.0 (Windows 10): Executed 3 of 168[31m (3 FAILED)[39m (0 secs / 0.167 secs)
[1A[2K[31mChrome Headless 144.0.0.0 (Windows 10) ReminderFormComponent should navigate to reminders on cancel FAILED[39m
	╔ÁNotFound: NG0201: No provider found for `_TranslateService`. Source: Standalone[ReminderFormComponent2]. Find more at https://v20.angular.dev/errors/NG0201
	error properties: Object({ code: -201, ngErrorCode: -201, ngErrorMessage: 'No provider found for `_TranslateService`.', ngTokenPath: [ '_TranslateService' ] })
	╔ÁNotFound: NG0201: No provider found for `_TranslateService`. Source: Standalone[ReminderFormComponent2]. Find more at https://v20.angular.dev/errors/NG0201
	    at createRuntimeError (http://localhost:9876/k8-fastbuild-ST-199a4f3c4e20/bin/packages/core/src/render3/errors_di.ts:130:17)
	    at NullInjector.get (http://localhost:9876/k8-fastbuild-ST-199a4f3c4e20/bin/packages/core/src/di/null_injector.ts:20:21)
	    at R3Injector.get (http://localhost:9876/k8-fastbuild-ST-199a4f3c4e20/bin/packages/core/src/di/r3_injector.ts:381:27)
	    at R3Injector.get (http://localhost:9876/k8-fastbuild-ST-199a4f3c4e20/bin/packages/core/src/di/r3_injector.ts:381:27)
	    at R3Injector.get (http://localhost:9876/k8-fastbuild-ST-199a4f3c4e20/bin/packages/core/src/di/r3_injector.ts:381:27)
	    at ChainedInjector.get (http://localhost:9876/k8-fastbuild-ST-199a4f3c4e20/bin/packages/core/src/render3/chained_injector.ts:43:32)
	    at lookupTokenUsingModuleInjector (http://localhost:9876/k8-fastbuild-ST-199a4f3c4e20/bin/packages/core/src/render3/di.ts:426:64)
	    at getOrCreateInjectable (http://localhost:9876/k8-fastbuild-ST-199a4f3c4e20/bin/packages/core/src/render3/di.ts:493:10)
	    at ╔Á╔ÁdirectiveInject (http://localhost:9876/k8-fastbuild-ST-199a4f3c4e20/bin/packages/core/src/render3/instructions/di.ts:58:17)
	    at ╔Á╔Áinject (http://localhost:9876/k8-fastbuild-ST-199a4f3c4e20/bin/packages/core/src/di/injector_compatibility.ts:144:40)
Chrome Headless 144.0.0.0 (Windows 10): Executed 4 of 168[31m (4 FAILED)[39m (0 secs / 0.17 secs)
[1A[2K[31mChrome Headless 144.0.0.0 (Windows 10) ReminderFormComponent should navigate to reminders after successful save FAILED[39m
	╔ÁNotFound: NG0201: No provider found for `_TranslateService`. Source: Standalone[ReminderFormComponent2]. Find more at https://v20.angular.dev/errors/NG0201
	error properties: Object({ code: -201, ngErrorCode: -201, ngErrorMessage: 'No provider found for `_TranslateService`.', ngTokenPath: [ '_TranslateService' ] })
	╔ÁNotFound: NG0201: No provider found for `_TranslateService`. Source: Standalone[ReminderFormComponent2]. Find more at https://v20.angular.dev/errors/NG0201
	    at createRuntimeError (http://localhost:9876/k8-fastbuild-ST-199a4f3c4e20/bin/packages/core/src/render3/errors_di.ts:130:17)
	    at NullInjector.get (http://localhost:9876/k8-fastbuild-ST-199a4f3c4e20/bin/packages/core/src/di/null_injector.ts:20:21)
	    at R3Injector.get (http://localhost:9876/k8-fastbuild-ST-199a4f3c4e20/bin/packages/core/src/di/r3_injector.ts:381:27)
	    at R3Injector.get (http://localhost:9876/k8-fastbuild-ST-199a4f3c4e20/bin/packages/core/src/di/r3_injector.ts:381:27)
	    at R3Injector.get (http://localhost:9876/k8-fastbuild-ST-199a4f3c4e20/bin/packages/core/src/di/r3_injector.ts:381:27)
	    at ChainedInjector.get (http://localhost:9876/k8-fastbuild-ST-199a4f3c4e20/bin/packages/core/src/render3/chained_injector.ts:43:32)
	    at lookupTokenUsingModuleInjector (http://localhost:9876/k8-fastbuild-ST-199a4f3c4e20/bin/packages/core/src/render3/di.ts:426:64)
	    at getOrCreateInjectable (http://localhost:9876/k8-fastbuild-ST-199a4f3c4e20/bin/packages/core/src/render3/di.ts:493:10)
	    at ╔Á╔ÁdirectiveInject (http://localhost:9876/k8-fastbuild-ST-199a4f3c4e20/bin/packages/core/src/render3/instructions/di.ts:58:17)
	    at ╔Á╔Áinject (http://localhost:9876/k8-fastbuild-ST-199a4f3c4e20/bin/packages/core/src/di/injector_compatibility.ts:144:40)
Chrome Headless 144.0.0.0 (Windows 10): Executed 5 of 168[31m (5 FAILED)[39m (0 secs / 0.172 secs)
[1A[2K[31mChrome Headless 144.0.0.0 (Windows 10) ReminderFormComponent should update radius signal FAILED[39m
	╔ÁNotFound: NG0201: No provider found for `_TranslateService`. Source: Standalone[ReminderFormComponent2]. Find more at https://v20.angular.dev/errors/NG0201
	error properties: Object({ code: -201, ngErrorCode: -201, ngErrorMessage: 'No provider found for `_TranslateService`.', ngTokenPath: [ '_TranslateService' ] })
	╔ÁNotFound: NG0201: No provider found for `_TranslateService`. Source: Standalone[ReminderFormComponent2]. Find more at https://v20.angular.dev/errors/NG0201
	    at createRuntimeError (http://localhost:9876/k8-fastbuild-ST-199a4f3c4e20/bin/packages/core/src/render3/errors_di.ts:130:17)
	    at NullInjector.get (http://localhost:9876/k8-fastbuild-ST-199a4f3c4e20/bin/packages/core/src/di/null_injector.ts:20:21)
	    at R3Injector.get (http://localhost:9876/k8-fastbuild-ST-199a4f3c4e20/bin/packages/core/src/di/r3_injector.ts:381:27)
	    at R3Injector.get (http://localhost:9876/k8-fastbuild-ST-199a4f3c4e20/bin/packages/core/src/di/r3_injector.ts:381:27)
	    at R3Injector.get (http://localhost:9876/k8-fastbuild-ST-199a4f3c4e20/bin/packages/core/src/di/r3_injector.ts:381:27)
	    at ChainedInjector.get (http://localhost:9876/k8-fastbuild-ST-199a4f3c4e20/bin/packages/core/src/render3/chained_injector.ts:43:32)
	    at lookupTokenUsingModuleInjector (http://localhost:9876/k8-fastbuild-ST-199a4f3c4e20/bin/packages/core/src/render3/di.ts:426:64)
	    at getOrCreateInjectable (http://localhost:9876/k8-fastbuild-ST-199a4f3c4e20/bin/packages/core/src/render3/di.ts:493:10)
	    at ╔Á╔ÁdirectiveInject (http://localhost:9876/k8-fastbuild-ST-199a4f3c4e20/bin/packages/core/src/render3/instructions/di.ts:58:17)
	    at ╔Á╔Áinject (http://localhost:9876/k8-fastbuild-ST-199a4f3c4e20/bin/packages/core/src/di/injector_compatibility.ts:144:40)
Chrome Headless 144.0.0.0 (Windows 10): Executed 6 of 168[31m (6 FAILED)[39m (0 secs / 0.175 secs)
[1A[2K[31mChrome Headless 144.0.0.0 (Windows 10) ReminderFormComponent should update category signal FAILED[39m
	╔ÁNotFound: NG0201: No provider found for `_TranslateService`. Source: Standalone[ReminderFormComponent2]. Find more at https://v20.angular.dev/errors/NG0201
	error properties: Object({ code: -201, ngErrorCode: -201, ngErrorMessage: 'No provider found for `_TranslateService`.', ngTokenPath: [ '_TranslateService' ] })
	╔ÁNotFound: NG0201: No provider found for `_TranslateService`. Source: Standalone[ReminderFormComponent2]. Find more at https://v20.angular.dev/errors/NG0201
	    at createRuntimeError (http://localhost:9876/k8-fastbuild-ST-199a4f3c4e20/bin/packages/core/src/render3/errors_di.ts:130:17)
	    at NullInjector.get (http://localhost:9876/k8-fastbuild-ST-199a4f3c4e20/bin/packages/core/src/di/null_injector.ts:20:21)
	    at R3Injector.get (http://localhost:9876/k8-fastbuild-ST-199a4f3c4e20/bin/packages/core/src/di/r3_injector.ts:381:27)
	    at R3Injector.get (http://localhost:9876/k8-fastbuild-ST-199a4f3c4e20/bin/packages/core/src/di/r3_injector.ts:381:27)
	    at R3Injector.get (http://localhost:9876/k8-fastbuild-ST-199a4f3c4e20/bin/packages/core/src/di/r3_injector.ts:381:27)
	    at ChainedInjector.get (http://localhost:9876/k8-fastbuild-ST-199a4f3c4e20/bin/packages/core/src/render3/chained_injector.ts:43:32)
	    at lookupTokenUsingModuleInjector (http://localhost:9876/k8-fastbuild-ST-199a4f3c4e20/bin/packages/core/src/render3/di.ts:426:64)
	    at getOrCreateInjectable (http://localhost:9876/k8-fastbuild-ST-199a4f3c4e20/bin/packages/core/src/render3/di.ts:493:10)
	    at ╔Á╔ÁdirectiveInject (http://localhost:9876/k8-fastbuild-ST-199a4f3c4e20/bin/packages/core/src/render3/instructions/di.ts:58:17)
	    at ╔Á╔Áinject (http://localhost:9876/k8-fastbuild-ST-199a4f3c4e20/bin/packages/core/src/di/injector_compatibility.ts:144:40)
Chrome Headless 144.0.0.0 (Windows 10): Executed 7 of 168[31m (7 FAILED)[39m (0 secs / 0.178 secs)
[1A[2K[31mChrome Headless 144.0.0.0 (Windows 10) ReminderFormComponent should create FAILED[39m
	╔ÁNotFound: NG0201: No provider found for `_TranslateService`. Source: Standalone[ReminderFormComponent2]. Find more at https://v20.angular.dev/errors/NG0201
	error properties: Object({ code: -201, ngErrorCode: -201, ngErrorMessage: 'No provider found for `_TranslateService`.', ngTokenPath: [ '_TranslateService' ] })
	╔ÁNotFound: NG0201: No provider found for `_TranslateService`. Source: Standalone[ReminderFormComponent2]. Find more at https://v20.angular.dev/errors/NG0201
	    at createRuntimeError (http://localhost:9876/k8-fastbuild-ST-199a4f3c4e20/bin/packages/core/src/render3/errors_di.ts:130:17)
	    at NullInjector.get (http://localhost:9876/k8-fastbuild-ST-199a4f3c4e20/bin/packages/core/src/di/null_injector.ts:20:21)
	    at R3Injector.get (http://localhost:9876/k8-fastbuild-ST-199a4f3c4e20/bin/packages/core/src/di/r3_injector.ts:381:27)
	    at R3Injector.get (http://localhost:9876/k8-fastbuild-ST-199a4f3c4e20/bin/packages/core/src/di/r3_injector.ts:381:27)
	    at R3Injector.get (http://localhost:9876/k8-fastbuild-ST-199a4f3c4e20/bin/packages/core/src/di/r3_injector.ts:381:27)
	    at ChainedInjector.get (http://localhost:9876/k8-fastbuild-ST-199a4f3c4e20/bin/packages/core/src/render3/chained_injector.ts:43:32)
	    at lookupTokenUsingModuleInjector (http://localhost:9876/k8-fastbuild-ST-199a4f3c4e20/bin/packages/core/src/render3/di.ts:426:64)
	    at getOrCreateInjectable (http://localhost:9876/k8-fastbuild-ST-199a4f3c4e20/bin/packages/core/src/render3/di.ts:493:10)
	    at ╔Á╔ÁdirectiveInject (http://localhost:9876/k8-fastbuild-ST-199a4f3c4e20/bin/packages/core/src/render3/instructions/di.ts:58:17)
	    at ╔Á╔Áinject (http://localhost:9876/k8-fastbuild-ST-199a4f3c4e20/bin/packages/core/src/di/injector_compatibility.ts:144:40)
Chrome Headless 144.0.0.0 (Windows 10): Executed 8 of 168[31m (8 FAILED)[39m (0 secs / 0.181 secs)
[1A[2K[31mChrome Headless 144.0.0.0 (Windows 10) ReminderFormComponent should initialize in create mode when no id in route FAILED[39m
	╔ÁNotFound: NG0201: No provider found for `_TranslateService`. Source: Standalone[ReminderFormComponent2]. Find more at https://v20.angular.dev/errors/NG0201
	error properties: Object({ code: -201, ngErrorCode: -201, ngErrorMessage: 'No provider found for `_TranslateService`.', ngTokenPath: [ '_TranslateService' ] })
	╔ÁNotFound: NG0201: No provider found for `_TranslateService`. Source: Standalone[ReminderFormComponent2]. Find more at https://v20.angular.dev/errors/NG0201
	    at createRuntimeError (http://localhost:9876/k8-fastbuild-ST-199a4f3c4e20/bin/packages/core/src/render3/errors_di.ts:130:17)
	    at NullInjector.get (http://localhost:9876/k8-fastbuild-ST-199a4f3c4e20/bin/packages/core/src/di/null_injector.ts:20:21)
	    at R3Injector.get (http://localhost:9876/k8-fastbuild-ST-199a4f3c4e20/bin/packages/core/src/di/r3_injector.ts:381:27)
	    at R3Injector.get (http://localhost:9876/k8-fastbuild-ST-199a4f3c4e20/bin/packages/core/src/di/r3_injector.ts:381:27)
	    at R3Injector.get (http://localhost:9876/k8-fastbuild-ST-199a4f3c4e20/bin/packages/core/src/di/r3_injector.ts:381:27)
	    at ChainedInjector.get (http://localhost:9876/k8-fastbuild-ST-199a4f3c4e20/bin/packages/core/src/render3/chained_injector.ts:43:32)
	    at lookupTokenUsingModuleInjector (http://localhost:9876/k8-fastbuild-ST-199a4f3c4e20/bin/packages/core/src/render3/di.ts:426:64)
	    at getOrCreateInjectable (http://localhost:9876/k8-fastbuild-ST-199a4f3c4e20/bin/packages/core/src/render3/di.ts:493:10)
	    at ╔Á╔ÁdirectiveInject (http://localhost:9876/k8-fastbuild-ST-199a4f3c4e20/bin/packages/core/src/render3/instructions/di.ts:58:17)
	    at ╔Á╔Áinject (http://localhost:9876/k8-fastbuild-ST-199a4f3c4e20/bin/packages/core/src/di/injector_compatibility.ts:144:40)
Chrome Headless 144.0.0.0 (Windows 10): Executed 9 of 168[31m (9 FAILED)[39m (0 secs / 0.183 secs)
[1A[2K[31mChrome Headless 144.0.0.0 (Windows 10) ReminderFormComponent should get current location on init in create mode FAILED[39m
	╔ÁNotFound: NG0201: No provider found for `_TranslateService`. Source: Standalone[ReminderFormComponent2]. Find more at https://v20.angular.dev/errors/NG0201
	error properties: Object({ code: -201, ngErrorCode: -201, ngErrorMessage: 'No provider found for `_TranslateService`.', ngTokenPath: [ '_TranslateService' ] })
	╔ÁNotFound: NG0201: No provider found for `_TranslateService`. Source: Standalone[ReminderFormComponent2]. Find more at https://v20.angular.dev/errors/NG0201
	    at createRuntimeError (http://localhost:9876/k8-fastbuild-ST-199a4f3c4e20/bin/packages/core/src/render3/errors_di.ts:130:17)
	    at NullInjector.get (http://localhost:9876/k8-fastbuild-ST-199a4f3c4e20/bin/packages/core/src/di/null_injector.ts:20:21)
	    at R3Injector.get (http://localhost:9876/k8-fastbuild-ST-199a4f3c4e20/bin/packages/core/src/di/r3_injector.ts:381:27)
	    at R3Injector.get (http://localhost:9876/k8-fastbuild-ST-199a4f3c4e20/bin/packages/core/src/di/r3_injector.ts:381:27)
	    at R3Injector.get (http://localhost:9876/k8-fastbuild-ST-199a4f3c4e20/bin/packages/core/src/di/r3_injector.ts:381:27)
	    at ChainedInjector.get (http://localhost:9876/k8-fastbuild-ST-199a4f3c4e20/bin/packages/core/src/render3/chained_injector.ts:43:32)
	    at lookupTokenUsingModuleInjector (http://localhost:9876/k8-fastbuild-ST-199a4f3c4e20/bin/packages/core/src/render3/di.ts:426:64)
	    at getOrCreateInjectable (http://localhost:9876/k8-fastbuild-ST-199a4f3c4e20/bin/packages/core/src/render3/di.ts:493:10)
	    at ╔Á╔ÁdirectiveInject (http://localhost:9876/k8-fastbuild-ST-199a4f3c4e20/bin/packages/core/src/render3/instructions/di.ts:58:17)
	    at ╔Á╔Áinject (http://localhost:9876/k8-fastbuild-ST-199a4f3c4e20/bin/packages/core/src/di/injector_compatibility.ts:144:40)
Chrome Headless 144.0.0.0 (Windows 10): Executed 10 of 168[31m (10 FAILED)[39m (0 secs / 0.185 secs)
[1A[2K[31mChrome Headless 144.0.0.0 (Windows 10) ReminderFormComponent should initialize in edit mode when id is in route FAILED[39m
	╔ÁNotFound: NG0201: No provider found for `_TranslateService`. Source: Standalone[ReminderFormComponent2]. Find more at https://v20.angular.dev/errors/NG0201
	error properties: Object({ code: -201, ngErrorCode: -201, ngErrorMessage: 'No provider found for `_TranslateService`.', ngTokenPath: [ '_TranslateService' ] })
	╔ÁNotFound: NG0201: No provider found for `_TranslateService`. Source: Standalone[ReminderFormComponent2]. Find more at https://v20.angular.dev/errors/NG0201
	    at createRuntimeError (http://localhost:9876/k8-fastbuild-ST-199a4f3c4e20/bin/packages/core/src/render3/errors_di.ts:130:17)
	    at NullInjector.get (http://localhost:9876/k8-fastbuild-ST-199a4f3c4e20/bin/packages/core/src/di/null_injector.ts:20:21)
	    at R3Injector.get (http://localhost:9876/k8-fastbuild-ST-199a4f3c4e20/bin/packages/core/src/di/r3_injector.ts:381:27)
	    at R3Injector.get (http://localhost:9876/k8-fastbuild-ST-199a4f3c4e20/bin/packages/core/src/di/r3_injector.ts:381:27)
	    at R3Injector.get (http://localhost:9876/k8-fastbuild-ST-199a4f3c4e20/bin/packages/core/src/di/r3_injector.ts:381:27)
	    at ChainedInjector.get (http://localhost:9876/k8-fastbuild-ST-199a4f3c4e20/bin/packages/core/src/render3/chained_injector.ts:43:32)
	    at lookupTokenUsingModuleInjector (http://localhost:9876/k8-fastbuild-ST-199a4f3c4e20/bin/packages/core/src/render3/di.ts:426:64)
	    at getOrCreateInjectable (http://localhost:9876/k8-fastbuild-ST-199a4f3c4e20/bin/packages/core/src/render3/di.ts:493:10)
	    at ╔Á╔ÁdirectiveInject (http://localhost:9876/k8-fastbuild-ST-199a4f3c4e20/bin/packages/core/src/render3/instructions/di.ts:58:17)
	    at ╔Á╔Áinject (http://localhost:9876/k8-fastbuild-ST-199a4f3c4e20/bin/packages/core/src/di/injector_compatibility.ts:144:40)
Chrome Headless 144.0.0.0 (Windows 10): Executed 11 of 168[31m (11 FAILED)[39m (0 secs / 0.188 secs)
[1A[2KLOG: [36m'­ƒôè Filtros aplicados - Activos:', 0, 'Completados:', 0[39m
Chrome Headless 144.0.0.0 (Windows 10): Executed 11 of 168[31m (11 FAILED)[39m (0 secs / 0.188 secs)
LOG: '­ƒôè Filtros aplicados - Activos:', 0, 'Completados:', 0
[1A[2KLOG: [36m'­ƒöä Recordatorios actualizados:', 2[39m
Chrome Headless 144.0.0.0 (Windows 10): Executed 11 of 168[31m (11 FAILED)[39m (0 secs / 0.188 secs)
LOG: '­ƒöä Recordatorios actualizados:', 2
[1A[2KLOG: [36m'­ƒôè Filtros aplicados - Activos:', 1, 'Completados:', 1[39m
Chrome Headless 144.0.0.0 (Windows 10): Executed 11 of 168[31m (11 FAILED)[39m (0 secs / 0.188 secs)
LOG: '­ƒôè Filtros aplicados - Activos:', 1, 'Completados:', 1
[1A[2K[31mChrome Headless 144.0.0.0 (Windows 10) ReminderListComponent should get category icon by id FAILED[39m
	TypeError: this.router.createUrlTree is not a function
	    at _RouterLink.get urlTree [as urlTree] (http://localhost:9876/k8-fastbuild-ST-199a4f3c4e20/bin/packages/router/src/directives/router_link.ts:455:24)
	    at _RouterLink.updateHref (http://localhost:9876/k8-fastbuild-ST-199a4f3c4e20/bin/packages/router/src/directives/router_link.ts:431:26)
	    at _RouterLink.ngOnChanges (http://localhost:9876/k8-fastbuild-ST-199a4f3c4e20/bin/packages/router/src/directives/router_link.ts:341:12)
	    at _RouterLink.rememberChangeHistoryAndInvokeOnChangesHook (http://localhost:9876/k8-fastbuild-ST-199a4f3c4e20/bin/packages/core/src/render3/features/ng_onchanges_feature.ts:83:10)
	    at callHookInternal (http://localhost:9876/k8-fastbuild-ST-199a4f3c4e20/bin/packages/core/src/render3/hooks.ts:290:10)
	    at callHook (http://localhost:9876/k8-fastbuild-ST-199a4f3c4e20/bin/packages/core/src/render3/hooks.ts:322:5)
	    at callHooks (http://localhost:9876/k8-fastbuild-ST-199a4f3c4e20/bin/packages/core/src/render3/hooks.ts:270:9)
	    at executeInitAndCheckHooks (http://localhost:9876/k8-fastbuild-ST-199a4f3c4e20/bin/packages/core/src/render3/hooks.ts:205:5)
	    at selectIndexInternal (http://localhost:9876/k8-fastbuild-ST-199a4f3c4e20/bin/packages/core/src/render3/instructions/advance.ts:74:9)
	    at ╔Á╔Áadvance (http://localhost:9876/k8-fastbuild-ST-199a4f3c4e20/bin/packages/core/src/render3/instructions/advance.ts:45:3)
Chrome Headless 144.0.0.0 (Windows 10): Executed 12 of 168[31m (12 FAILED)[39m (0 secs / 0.266 secs)
[1A[2KLOG: [36m'­ƒôì Ubicaci├│n obtenida:', '40.7128', '-74.0060'[39m
Chrome Headless 144.0.0.0 (Windows 10): Executed 12 of 168[31m (12 FAILED)[39m (0 secs / 0.266 secs)
LOG: '­ƒôì Ubicaci├│n obtenida:', '40.7128', '-74.0060'
[1A[2KLOG: [36m'­ƒôè Filtros aplicados - Activos:', 0, 'Completados:', 0[39m
Chrome Headless 144.0.0.0 (Windows 10): Executed 12 of 168[31m (12 FAILED)[39m (0 secs / 0.266 secs)
LOG: '­ƒôè Filtros aplicados - Activos:', 0, 'Completados:', 0
[1A[2KLOG: [36m'­ƒöä Recordatorios actualizados:', 2[39m
Chrome Headless 144.0.0.0 (Windows 10): Executed 12 of 168[31m (12 FAILED)[39m (0 secs / 0.266 secs)
LOG: '­ƒöä Recordatorios actualizados:', 2
[1A[2KLOG: [36m'­ƒôè Filtros aplicados - Activos:', 1, 'Completados:', 1[39m
Chrome Headless 144.0.0.0 (Windows 10): Executed 12 of 168[31m (12 FAILED)[39m (0 secs / 0.266 secs)
LOG: '­ƒôè Filtros aplicados - Activos:', 1, 'Completados:', 1
[1A[2K[31mChrome Headless 144.0.0.0 (Windows 10) ReminderListComponent should get category color by id FAILED[39m
	TypeError: this.router.createUrlTree is not a function
	    at _RouterLink.get urlTree [as urlTree] (http://localhost:9876/k8-fastbuild-ST-199a4f3c4e20/bin/packages/router/src/directives/router_link.ts:455:24)
	    at _RouterLink.updateHref (http://localhost:9876/k8-fastbuild-ST-199a4f3c4e20/bin/packages/router/src/directives/router_link.ts:431:26)
	    at _RouterLink.ngOnChanges (http://localhost:9876/k8-fastbuild-ST-199a4f3c4e20/bin/packages/router/src/directives/router_link.ts:341:12)
	    at _RouterLink.rememberChangeHistoryAndInvokeOnChangesHook (http://localhost:9876/k8-fastbuild-ST-199a4f3c4e20/bin/packages/core/src/render3/features/ng_onchanges_feature.ts:83:10)
	    at callHookInternal (http://localhost:9876/k8-fastbuild-ST-199a4f3c4e20/bin/packages/core/src/render3/hooks.ts:290:10)
	    at callHook (http://localhost:9876/k8-fastbuild-ST-199a4f3c4e20/bin/packages/core/src/render3/hooks.ts:322:5)
	    at callHooks (http://localhost:9876/k8-fastbuild-ST-199a4f3c4e20/bin/packages/core/src/render3/hooks.ts:270:9)
	    at executeInitAndCheckHooks (http://localhost:9876/k8-fastbuild-ST-199a4f3c4e20/bin/packages/core/src/render3/hooks.ts:205:5)
	    at selectIndexInternal (http://localhost:9876/k8-fastbuild-ST-199a4f3c4e20/bin/packages/core/src/render3/instructions/advance.ts:74:9)
	    at ╔Á╔Áadvance (http://localhost:9876/k8-fastbuild-ST-199a4f3c4e20/bin/packages/core/src/render3/instructions/advance.ts:45:3)
Chrome Headless 144.0.0.0 (Windows 10): Executed 13 of 168[31m (13 FAILED)[39m (0 secs / 0.27 secs)
[1A[2KLOG: [36m'­ƒôì Ubicaci├│n obtenida:', '40.7128', '-74.0060'[39m
Chrome Headless 144.0.0.0 (Windows 10): Executed 13 of 168[31m (13 FAILED)[39m (0 secs / 0.27 secs)
LOG: '­ƒôì Ubicaci├│n obtenida:', '40.7128', '-74.0060'
[1A[2KLOG: [36m'­ƒôè Filtros aplicados - Activos:', 0, 'Completados:', 0[39m
Chrome Headless 144.0.0.0 (Windows 10): Executed 13 of 168[31m (13 FAILED)[39m (0 secs / 0.27 secs)
LOG: '­ƒôè Filtros aplicados - Activos:', 0, 'Completados:', 0
[1A[2KLOG: [36m'­ƒöä Recordatorios actualizados:', 2[39m
Chrome Headless 144.0.0.0 (Windows 10): Executed 13 of 168[31m (13 FAILED)[39m (0 secs / 0.27 secs)
LOG: '­ƒöä Recordatorios actualizados:', 2
[1A[2KLOG: [36m'­ƒôè Filtros aplicados - Activos:', 1, 'Completados:', 1[39m
Chrome Headless 144.0.0.0 (Windows 10): Executed 13 of 168[31m (13 FAILED)[39m (0 secs / 0.27 secs)
LOG: '­ƒôè Filtros aplicados - Activos:', 1, 'Completados:', 1
[1A[2K[31mChrome Headless 144.0.0.0 (Windows 10) ReminderListComponent should load stats on init FAILED[39m
	TypeError: this.router.createUrlTree is not a function
	    at _RouterLink.get urlTree [as urlTree] (http://localhost:9876/k8-fastbuild-ST-199a4f3c4e20/bin/packages/router/src/directives/router_link.ts:455:24)
	    at _RouterLink.updateHref (http://localhost:9876/k8-fastbuild-ST-199a4f3c4e20/bin/packages/router/src/directives/router_link.ts:431:26)
	    at _RouterLink.ngOnChanges (http://localhost:9876/k8-fastbuild-ST-199a4f3c4e20/bin/packages/router/src/directives/router_link.ts:341:12)
	    at _RouterLink.rememberChangeHistoryAndInvokeOnChangesHook (http://localhost:9876/k8-fastbuild-ST-199a4f3c4e20/bin/packages/core/src/render3/features/ng_onchanges_feature.ts:83:10)
	    at callHookInternal (http://localhost:9876/k8-fastbuild-ST-199a4f3c4e20/bin/packages/core/src/render3/hooks.ts:290:10)
	    at callHook (http://localhost:9876/k8-fastbuild-ST-199a4f3c4e20/bin/packages/core/src/render3/hooks.ts:322:5)
	    at callHooks (http://localhost:9876/k8-fastbuild-ST-199a4f3c4e20/bin/packages/core/src/render3/hooks.ts:270:9)
	    at executeInitAndCheckHooks (http://localhost:9876/k8-fastbuild-ST-199a4f3c4e20/bin/packages/core/src/render3/hooks.ts:205:5)
	    at selectIndexInternal (http://localhost:9876/k8-fastbuild-ST-199a4f3c4e20/bin/packages/core/src/render3/instructions/advance.ts:74:9)
	    at ╔Á╔Áadvance (http://localhost:9876/k8-fastbuild-ST-199a4f3c4e20/bin/packages/core/src/render3/instructions/advance.ts:45:3)
Chrome Headless 144.0.0.0 (Windows 10): Executed 14 of 168[31m (14 FAILED)[39m (0 secs / 0.273 secs)
[1A[2KLOG: [36m'­ƒôì Ubicaci├│n obtenida:', '40.7128', '-74.0060'[39m
Chrome Headless 144.0.0.0 (Windows 10): Executed 14 of 168[31m (14 FAILED)[39m (0 secs / 0.273 secs)
LOG: '­ƒôì Ubicaci├│n obtenida:', '40.7128', '-74.0060'
[1A[2KLOG: [36m'­ƒôè Filtros aplicados - Activos:', 0, 'Completados:', 0[39m
Chrome Headless 144.0.0.0 (Windows 10): Executed 14 of 168[31m (14 FAILED)[39m (0 secs / 0.273 secs)
LOG: '­ƒôè Filtros aplicados - Activos:', 0, 'Completados:', 0
[1A[2KLOG: [36m'­ƒöä Recordatorios actualizados:', 2[39m
Chrome Headless 144.0.0.0 (Windows 10): Executed 14 of 168[31m (14 FAILED)[39m (0 secs / 0.273 secs)
LOG: '­ƒöä Recordatorios actualizados:', 2
[1A[2KLOG: [36m'­ƒôè Filtros aplicados - Activos:', 1, 'Completados:', 1[39m
Chrome Headless 144.0.0.0 (Windows 10): Executed 14 of 168[31m (14 FAILED)[39m (0 secs / 0.273 secs)
LOG: '­ƒôè Filtros aplicados - Activos:', 1, 'Completados:', 1
[1A[2K[31mChrome Headless 144.0.0.0 (Windows 10) ReminderListComponent should filter reminders by status FAILED[39m
	TypeError: this.router.createUrlTree is not a function
	    at _RouterLink.get urlTree [as urlTree] (http://localhost:9876/k8-fastbuild-ST-199a4f3c4e20/bin/packages/router/src/directives/router_link.ts:455:24)
	    at _RouterLink.updateHref (http://localhost:9876/k8-fastbuild-ST-199a4f3c4e20/bin/packages/router/src/directives/router_link.ts:431:26)
	    at _RouterLink.ngOnChanges (http://localhost:9876/k8-fastbuild-ST-199a4f3c4e20/bin/packages/router/src/directives/router_link.ts:341:12)
	    at _RouterLink.rememberChangeHistoryAndInvokeOnChangesHook (http://localhost:9876/k8-fastbuild-ST-199a4f3c4e20/bin/packages/core/src/render3/features/ng_onchanges_feature.ts:83:10)
	    at callHookInternal (http://localhost:9876/k8-fastbuild-ST-199a4f3c4e20/bin/packages/core/src/render3/hooks.ts:290:10)
	    at callHook (http://localhost:9876/k8-fastbuild-ST-199a4f3c4e20/bin/packages/core/src/render3/hooks.ts:322:5)
	    at callHooks (http://localhost:9876/k8-fastbuild-ST-199a4f3c4e20/bin/packages/core/src/render3/hooks.ts:270:9)
	    at executeInitAndCheckHooks (http://localhost:9876/k8-fastbuild-ST-199a4f3c4e20/bin/packages/core/src/render3/hooks.ts:205:5)
	    at selectIndexInternal (http://localhost:9876/k8-fastbuild-ST-199a4f3c4e20/bin/packages/core/src/render3/instructions/advance.ts:74:9)
	    at ╔Á╔Áadvance (http://localhost:9876/k8-fastbuild-ST-199a4f3c4e20/bin/packages/core/src/render3/instructions/advance.ts:45:3)
Chrome Headless 144.0.0.0 (Windows 10): Executed 15 of 168[31m (15 FAILED)[39m (0 secs / 0.275 secs)
[1A[2KLOG: [36m'­ƒôì Ubicaci├│n obtenida:', '40.7128', '-74.0060'[39m
Chrome Headless 144.0.0.0 (Windows 10): Executed 15 of 168[31m (15 FAILED)[39m (0 secs / 0.275 secs)
LOG: '­ƒôì Ubicaci├│n obtenida:', '40.7128', '-74.0060'
[1A[2KLOG: [36m'­ƒôè Filtros aplicados - Activos:', 0, 'Completados:', 0[39m
Chrome Headless 144.0.0.0 (Windows 10): Executed 15 of 168[31m (15 FAILED)[39m (0 secs / 0.275 secs)
LOG: '­ƒôè Filtros aplicados - Activos:', 0, 'Completados:', 0
[1A[2KLOG: [36m'­ƒöä Recordatorios actualizados:', 2[39m
Chrome Headless 144.0.0.0 (Windows 10): Executed 15 of 168[31m (15 FAILED)[39m (0 secs / 0.275 secs)
LOG: '­ƒöä Recordatorios actualizados:', 2
[1A[2KLOG: [36m'­ƒôè Filtros aplicados - Activos:', 1, 'Completados:', 1[39m
Chrome Headless 144.0.0.0 (Windows 10): Executed 15 of 168[31m (15 FAILED)[39m (0 secs / 0.275 secs)
LOG: '­ƒôè Filtros aplicados - Activos:', 1, 'Completados:', 1
[1A[2K[31mChrome Headless 144.0.0.0 (Windows 10) ReminderListComponent should add new category FAILED[39m
	TypeError: this.router.createUrlTree is not a function
	    at _RouterLink.get urlTree [as urlTree] (http://localhost:9876/k8-fastbuild-ST-199a4f3c4e20/bin/packages/router/src/directives/router_link.ts:455:24)
	    at _RouterLink.updateHref (http://localhost:9876/k8-fastbuild-ST-199a4f3c4e20/bin/packages/router/src/directives/router_link.ts:431:26)
	    at _RouterLink.ngOnChanges (http://localhost:9876/k8-fastbuild-ST-199a4f3c4e20/bin/packages/router/src/directives/router_link.ts:341:12)
	    at _RouterLink.rememberChangeHistoryAndInvokeOnChangesHook (http://localhost:9876/k8-fastbuild-ST-199a4f3c4e20/bin/packages/core/src/render3/features/ng_onchanges_feature.ts:83:10)
	    at callHookInternal (http://localhost:9876/k8-fastbuild-ST-199a4f3c4e20/bin/packages/core/src/render3/hooks.ts:290:10)
	    at callHook (http://localhost:9876/k8-fastbuild-ST-199a4f3c4e20/bin/packages/core/src/render3/hooks.ts:322:5)
	    at callHooks (http://localhost:9876/k8-fastbuild-ST-199a4f3c4e20/bin/packages/core/src/render3/hooks.ts:270:9)
	    at executeInitAndCheckHooks (http://localhost:9876/k8-fastbuild-ST-199a4f3c4e20/bin/packages/core/src/render3/hooks.ts:205:5)
	    at selectIndexInternal (http://localhost:9876/k8-fastbuild-ST-199a4f3c4e20/bin/packages/core/src/render3/instructions/advance.ts:74:9)
	    at ╔Á╔Áadvance (http://localhost:9876/k8-fastbuild-ST-199a4f3c4e20/bin/packages/core/src/render3/instructions/advance.ts:45:3)
Chrome Headless 144.0.0.0 (Windows 10): Executed 16 of 168[31m (16 FAILED)[39m (0 secs / 0.278 secs)
[1A[2KLOG: [36m'­ƒôì Ubicaci├│n obtenida:', '40.7128', '-74.0060'[39m
Chrome Headless 144.0.0.0 (Windows 10): Executed 16 of 168[31m (16 FAILED)[39m (0 secs / 0.278 secs)
LOG: '­ƒôì Ubicaci├│n obtenida:', '40.7128', '-74.0060'
[1A[2KLOG: [36m'­ƒôè Filtros aplicados - Activos:', 0, 'Completados:', 0[39m
Chrome Headless 144.0.0.0 (Windows 10): Executed 16 of 168[31m (16 FAILED)[39m (0 secs / 0.278 secs)
LOG: '­ƒôè Filtros aplicados - Activos:', 0, 'Completados:', 0
[1A[2KLOG: [36m'­ƒöä Recordatorios actualizados:', 2[39m
Chrome Headless 144.0.0.0 (Windows 10): Executed 16 of 168[31m (16 FAILED)[39m (0 secs / 0.278 secs)
LOG: '­ƒöä Recordatorios actualizados:', 2
[1A[2KLOG: [36m'­ƒôè Filtros aplicados - Activos:', 1, 'Completados:', 1[39m
Chrome Headless 144.0.0.0 (Windows 10): Executed 16 of 168[31m (16 FAILED)[39m (0 secs / 0.278 secs)
LOG: '­ƒôè Filtros aplicados - Activos:', 1, 'Completados:', 1
[1A[2K[31mChrome Headless 144.0.0.0 (Windows 10) ReminderListComponent should calculate distance to reminder FAILED[39m
	TypeError: this.router.createUrlTree is not a function
	    at _RouterLink.get urlTree [as urlTree] (http://localhost:9876/k8-fastbuild-ST-199a4f3c4e20/bin/packages/router/src/directives/router_link.ts:455:24)
	    at _RouterLink.updateHref (http://localhost:9876/k8-fastbuild-ST-199a4f3c4e20/bin/packages/router/src/directives/router_link.ts:431:26)
	    at _RouterLink.ngOnChanges (http://localhost:9876/k8-fastbuild-ST-199a4f3c4e20/bin/packages/router/src/directives/router_link.ts:341:12)
	    at _RouterLink.rememberChangeHistoryAndInvokeOnChangesHook (http://localhost:9876/k8-fastbuild-ST-199a4f3c4e20/bin/packages/core/src/render3/features/ng_onchanges_feature.ts:83:10)
	    at callHookInternal (http://localhost:9876/k8-fastbuild-ST-199a4f3c4e20/bin/packages/core/src/render3/hooks.ts:290:10)
	    at callHook (http://localhost:9876/k8-fastbuild-ST-199a4f3c4e20/bin/packages/core/src/render3/hooks.ts:322:5)
	    at callHooks (http://localhost:9876/k8-fastbuild-ST-199a4f3c4e20/bin/packages/core/src/render3/hooks.ts:270:9)
	    at executeInitAndCheckHooks (http://localhost:9876/k8-fastbuild-ST-199a4f3c4e20/bin/packages/core/src/render3/hooks.ts:205:5)
	    at selectIndexInternal (http://localhost:9876/k8-fastbuild-ST-199a4f3c4e20/bin/packages/core/src/render3/instructions/advance.ts:74:9)
	    at ╔Á╔Áadvance (http://localhost:9876/k8-fastbuild-ST-199a4f3c4e20/bin/packages/core/src/render3/instructions/advance.ts:45:3)
Chrome Headless 144.0.0.0 (Windows 10): Executed 17 of 168[31m (17 FAILED)[39m (0 secs / 0.281 secs)
[1A[2KLOG: [36m'­ƒôì Ubicaci├│n obtenida:', '40.7128', '-74.0060'[39m
Chrome Headless 144.0.0.0 (Windows 10): Executed 17 of 168[31m (17 FAILED)[39m (0 secs / 0.281 secs)
LOG: '­ƒôì Ubicaci├│n obtenida:', '40.7128', '-74.0060'
[1A[2KLOG: [36m'­ƒôè Filtros aplicados - Activos:', 0, 'Completados:', 0[39m
Chrome Headless 144.0.0.0 (Windows 10): Executed 17 of 168[31m (17 FAILED)[39m (0 secs / 0.281 secs)
LOG: '­ƒôè Filtros aplicados - Activos:', 0, 'Completados:', 0
[1A[2KLOG: [36m'­ƒöä Recordatorios actualizados:', 2[39m
Chrome Headless 144.0.0.0 (Windows 10): Executed 17 of 168[31m (17 FAILED)[39m (0 secs / 0.281 secs)
LOG: '­ƒöä Recordatorios actualizados:', 2
[1A[2KLOG: [36m'­ƒôè Filtros aplicados - Activos:', 1, 'Completados:', 1[39m
Chrome Headless 144.0.0.0 (Windows 10): Executed 17 of 168[31m (17 FAILED)[39m (0 secs / 0.281 secs)
LOG: '­ƒôè Filtros aplicados - Activos:', 1, 'Completados:', 1
[1A[2K[31mChrome Headless 144.0.0.0 (Windows 10) ReminderListComponent should get category name by id FAILED[39m
	TypeError: this.router.createUrlTree is not a function
	    at _RouterLink.get urlTree [as urlTree] (http://localhost:9876/k8-fastbuild-ST-199a4f3c4e20/bin/packages/router/src/directives/router_link.ts:455:24)
	    at _RouterLink.updateHref (http://localhost:9876/k8-fastbuild-ST-199a4f3c4e20/bin/packages/router/src/directives/router_link.ts:431:26)
	    at _RouterLink.ngOnChanges (http://localhost:9876/k8-fastbuild-ST-199a4f3c4e20/bin/packages/router/src/directives/router_link.ts:341:12)
	    at _RouterLink.rememberChangeHistoryAndInvokeOnChangesHook (http://localhost:9876/k8-fastbuild-ST-199a4f3c4e20/bin/packages/core/src/render3/features/ng_onchanges_feature.ts:83:10)
	    at callHookInternal (http://localhost:9876/k8-fastbuild-ST-199a4f3c4e20/bin/packages/core/src/render3/hooks.ts:290:10)
	    at callHook (http://localhost:9876/k8-fastbuild-ST-199a4f3c4e20/bin/packages/core/src/render3/hooks.ts:322:5)
	    at callHooks (http://localhost:9876/k8-fastbuild-ST-199a4f3c4e20/bin/packages/core/src/render3/hooks.ts:270:9)
	    at executeInitAndCheckHooks (http://localhost:9876/k8-fastbuild-ST-199a4f3c4e20/bin/packages/core/src/render3/hooks.ts:205:5)
	    at selectIndexInternal (http://localhost:9876/k8-fastbuild-ST-199a4f3c4e20/bin/packages/core/src/render3/instructions/advance.ts:74:9)
	    at ╔Á╔Áadvance (http://localhost:9876/k8-fastbuild-ST-199a4f3c4e20/bin/packages/core/src/render3/instructions/advance.ts:45:3)
Chrome Headless 144.0.0.0 (Windows 10): Executed 18 of 168[31m (18 FAILED)[39m (0 secs / 0.284 secs)
[1A[2KLOG: [36m'­ƒôì Ubicaci├│n obtenida:', '40.7128', '-74.0060'[39m
Chrome Headless 144.0.0.0 (Windows 10): Executed 18 of 168[31m (18 FAILED)[39m (0 secs / 0.284 secs)
LOG: '­ƒôì Ubicaci├│n obtenida:', '40.7128', '-74.0060'
[1A[2KLOG: [36m'­ƒôè Filtros aplicados - Activos:', 0, 'Completados:', 0[39m
Chrome Headless 144.0.0.0 (Windows 10): Executed 18 of 168[31m (18 FAILED)[39m (0 secs / 0.284 secs)
LOG: '­ƒôè Filtros aplicados - Activos:', 0, 'Completados:', 0
[1A[2KLOG: [36m'­ƒöä Recordatorios actualizados:', 2[39m
Chrome Headless 144.0.0.0 (Windows 10): Executed 18 of 168[31m (18 FAILED)[39m (0 secs / 0.284 secs)
LOG: '­ƒöä Recordatorios actualizados:', 2
[1A[2KLOG: [36m'­ƒôè Filtros aplicados - Activos:', 1, 'Completados:', 1[39m
Chrome Headless 144.0.0.0 (Windows 10): Executed 18 of 168[31m (18 FAILED)[39m (0 secs / 0.284 secs)
LOG: '­ƒôè Filtros aplicados - Activos:', 1, 'Completados:', 1
[1A[2K[31mChrome Headless 144.0.0.0 (Windows 10) ReminderListComponent should load reminders on init FAILED[39m
	TypeError: this.router.createUrlTree is not a function
	    at _RouterLink.get urlTree [as urlTree] (http://localhost:9876/k8-fastbuild-ST-199a4f3c4e20/bin/packages/router/src/directives/router_link.ts:455:24)
	    at _RouterLink.updateHref (http://localhost:9876/k8-fastbuild-ST-199a4f3c4e20/bin/packages/router/src/directives/router_link.ts:431:26)
	    at _RouterLink.ngOnChanges (http://localhost:9876/k8-fastbuild-ST-199a4f3c4e20/bin/packages/router/src/directives/router_link.ts:341:12)
	    at _RouterLink.rememberChangeHistoryAndInvokeOnChangesHook (http://localhost:9876/k8-fastbuild-ST-199a4f3c4e20/bin/packages/core/src/render3/features/ng_onchanges_feature.ts:83:10)
	    at callHookInternal (http://localhost:9876/k8-fastbuild-ST-199a4f3c4e20/bin/packages/core/src/render3/hooks.ts:290:10)
	    at callHook (http://localhost:9876/k8-fastbuild-ST-199a4f3c4e20/bin/packages/core/src/render3/hooks.ts:322:5)
	    at callHooks (http://localhost:9876/k8-fastbuild-ST-199a4f3c4e20/bin/packages/core/src/render3/hooks.ts:270:9)
	    at executeInitAndCheckHooks (http://localhost:9876/k8-fastbuild-ST-199a4f3c4e20/bin/packages/core/src/render3/hooks.ts:205:5)
	    at selectIndexInternal (http://localhost:9876/k8-fastbuild-ST-199a4f3c4e20/bin/packages/core/src/render3/instructions/advance.ts:74:9)
	    at ╔Á╔Áadvance (http://localhost:9876/k8-fastbuild-ST-199a4f3c4e20/bin/packages/core/src/render3/instructions/advance.ts:45:3)
Chrome Headless 144.0.0.0 (Windows 10): Executed 19 of 168[31m (19 FAILED)[39m (0 secs / 0.286 secs)
[1A[2KLOG: [36m'­ƒôì Ubicaci├│n obtenida:', '40.7128', '-74.0060'[39m
Chrome Headless 144.0.0.0 (Windows 10): Executed 19 of 168[31m (19 FAILED)[39m (0 secs / 0.286 secs)
LOG: '­ƒôì Ubicaci├│n obtenida:', '40.7128', '-74.0060'
[1A[2KLOG: [36m'­ƒôè Filtros aplicados - Activos:', 0, 'Completados:', 0[39m
Chrome Headless 144.0.0.0 (Windows 10): Executed 19 of 168[31m (19 FAILED)[39m (0 secs / 0.286 secs)
LOG: '­ƒôè Filtros aplicados - Activos:', 0, 'Completados:', 0
[1A[2KLOG: [36m'­ƒöä Recordatorios actualizados:', 2[39m
Chrome Headless 144.0.0.0 (Windows 10): Executed 19 of 168[31m (19 FAILED)[39m (0 secs / 0.286 secs)
LOG: '­ƒöä Recordatorios actualizados:', 2
[1A[2KLOG: [36m'­ƒôè Filtros aplicados - Activos:', 1, 'Completados:', 1[39m
Chrome Headless 144.0.0.0 (Windows 10): Executed 19 of 168[31m (19 FAILED)[39m (0 secs / 0.286 secs)
LOG: '­ƒôè Filtros aplicados - Activos:', 1, 'Completados:', 1
[1A[2K[31mChrome Headless 144.0.0.0 (Windows 10) ReminderListComponent should toggle monitoring FAILED[39m
	TypeError: this.router.createUrlTree is not a function
	    at _RouterLink.get urlTree [as urlTree] (http://localhost:9876/k8-fastbuild-ST-199a4f3c4e20/bin/packages/router/src/directives/router_link.ts:455:24)
	    at _RouterLink.updateHref (http://localhost:9876/k8-fastbuild-ST-199a4f3c4e20/bin/packages/router/src/directives/router_link.ts:431:26)
	    at _RouterLink.ngOnChanges (http://localhost:9876/k8-fastbuild-ST-199a4f3c4e20/bin/packages/router/src/directives/router_link.ts:341:12)
	    at _RouterLink.rememberChangeHistoryAndInvokeOnChangesHook (http://localhost:9876/k8-fastbuild-ST-199a4f3c4e20/bin/packages/core/src/render3/features/ng_onchanges_feature.ts:83:10)
	    at callHookInternal (http://localhost:9876/k8-fastbuild-ST-199a4f3c4e20/bin/packages/core/src/render3/hooks.ts:290:10)
	    at callHook (http://localhost:9876/k8-fastbuild-ST-199a4f3c4e20/bin/packages/core/src/render3/hooks.ts:322:5)
	    at callHooks (http://localhost:9876/k8-fastbuild-ST-199a4f3c4e20/bin/packages/core/src/render3/hooks.ts:270:9)
	    at executeInitAndCheckHooks (http://localhost:9876/k8-fastbuild-ST-199a4f3c4e20/bin/packages/core/src/render3/hooks.ts:205:5)
	    at selectIndexInternal (http://localhost:9876/k8-fastbuild-ST-199a4f3c4e20/bin/packages/core/src/render3/instructions/advance.ts:74:9)
	    at ╔Á╔Áadvance (http://localhost:9876/k8-fastbuild-ST-199a4f3c4e20/bin/packages/core/src/render3/instructions/advance.ts:45:3)
Chrome Headless 144.0.0.0 (Windows 10): Executed 20 of 168[31m (20 FAILED)[39m (0 secs / 0.289 secs)
[1A[2KLOG: [36m'­ƒôì Ubicaci├│n obtenida:', '40.7128', '-74.0060'[39m
Chrome Headless 144.0.0.0 (Windows 10): Executed 20 of 168[31m (20 FAILED)[39m (0 secs / 0.289 secs)
LOG: '­ƒôì Ubicaci├│n obtenida:', '40.7128', '-74.0060'
[1A[2KLOG: [36m'­ƒôè Filtros aplicados - Activos:', 0, 'Completados:', 0[39m
Chrome Headless 144.0.0.0 (Windows 10): Executed 20 of 168[31m (20 FAILED)[39m (0 secs / 0.289 secs)
LOG: '­ƒôè Filtros aplicados - Activos:', 0, 'Completados:', 0
[1A[2KLOG: [36m'­ƒöä Recordatorios actualizados:', 2[39m
Chrome Headless 144.0.0.0 (Windows 10): Executed 20 of 168[31m (20 FAILED)[39m (0 secs / 0.289 secs)
LOG: '­ƒöä Recordatorios actualizados:', 2
[1A[2KLOG: [36m'­ƒôè Filtros aplicados - Activos:', 1, 'Completados:', 1[39m
Chrome Headless 144.0.0.0 (Windows 10): Executed 20 of 168[31m (20 FAILED)[39m (0 secs / 0.289 secs)
LOG: '­ƒôè Filtros aplicados - Activos:', 1, 'Completados:', 1
[1A[2K[31mChrome Headless 144.0.0.0 (Windows 10) ReminderListComponent should stop monitoring when already active FAILED[39m
	TypeError: this.router.createUrlTree is not a function
	    at _RouterLink.get urlTree [as urlTree] (http://localhost:9876/k8-fastbuild-ST-199a4f3c4e20/bin/packages/router/src/directives/router_link.ts:455:24)
	    at _RouterLink.updateHref (http://localhost:9876/k8-fastbuild-ST-199a4f3c4e20/bin/packages/router/src/directives/router_link.ts:431:26)
	    at _RouterLink.ngOnChanges (http://localhost:9876/k8-fastbuild-ST-199a4f3c4e20/bin/packages/router/src/directives/router_link.ts:341:12)
	    at _RouterLink.rememberChangeHistoryAndInvokeOnChangesHook (http://localhost:9876/k8-fastbuild-ST-199a4f3c4e20/bin/packages/core/src/render3/features/ng_onchanges_feature.ts:83:10)
	    at callHookInternal (http://localhost:9876/k8-fastbuild-ST-199a4f3c4e20/bin/packages/core/src/render3/hooks.ts:290:10)
	    at callHook (http://localhost:9876/k8-fastbuild-ST-199a4f3c4e20/bin/packages/core/src/render3/hooks.ts:322:5)
	    at callHooks (http://localhost:9876/k8-fastbuild-ST-199a4f3c4e20/bin/packages/core/src/render3/hooks.ts:270:9)
	    at executeInitAndCheckHooks (http://localhost:9876/k8-fastbuild-ST-199a4f3c4e20/bin/packages/core/src/render3/hooks.ts:205:5)
	    at selectIndexInternal (http://localhost:9876/k8-fastbuild-ST-199a4f3c4e20/bin/packages/core/src/render3/instructions/advance.ts:74:9)
	    at ╔Á╔Áadvance (http://localhost:9876/k8-fastbuild-ST-199a4f3c4e20/bin/packages/core/src/render3/instructions/advance.ts:45:3)
Chrome Headless 144.0.0.0 (Windows 10): Executed 21 of 168[31m (21 FAILED)[39m (0 secs / 0.291 secs)
[1A[2KLOG: [36m'­ƒôì Ubicaci├│n obtenida:', '40.7128', '-74.0060'[39m
Chrome Headless 144.0.0.0 (Windows 10): Executed 21 of 168[31m (21 FAILED)[39m (0 secs / 0.291 secs)
LOG: '­ƒôì Ubicaci├│n obtenida:', '40.7128', '-74.0060'
[1A[2KLOG: [36m'­ƒôè Filtros aplicados - Activos:', 0, 'Completados:', 0[39m
Chrome Headless 144.0.0.0 (Windows 10): Executed 21 of 168[31m (21 FAILED)[39m (0 secs / 0.291 secs)
LOG: '­ƒôè Filtros aplicados - Activos:', 0, 'Completados:', 0
[1A[2KLOG: [36m'­ƒöä Recordatorios actualizados:', 2[39m
Chrome Headless 144.0.0.0 (Windows 10): Executed 21 of 168[31m (21 FAILED)[39m (0 secs / 0.291 secs)
LOG: '­ƒöä Recordatorios actualizados:', 2
[1A[2KLOG: [36m'­ƒôè Filtros aplicados - Activos:', 1, 'Completados:', 1[39m
Chrome Headless 144.0.0.0 (Windows 10): Executed 21 of 168[31m (21 FAILED)[39m (0 secs / 0.291 secs)
LOG: '­ƒôè Filtros aplicados - Activos:', 1, 'Completados:', 1
[1A[2K[31mChrome Headless 144.0.0.0 (Windows 10) ReminderListComponent should create FAILED[39m
	TypeError: this.router.createUrlTree is not a function
	    at _RouterLink.get urlTree [as urlTree] (http://localhost:9876/k8-fastbuild-ST-199a4f3c4e20/bin/packages/router/src/directives/router_link.ts:455:24)
	    at _RouterLink.updateHref (http://localhost:9876/k8-fastbuild-ST-199a4f3c4e20/bin/packages/router/src/directives/router_link.ts:431:26)
	    at _RouterLink.ngOnChanges (http://localhost:9876/k8-fastbuild-ST-199a4f3c4e20/bin/packages/router/src/directives/router_link.ts:341:12)
	    at _RouterLink.rememberChangeHistoryAndInvokeOnChangesHook (http://localhost:9876/k8-fastbuild-ST-199a4f3c4e20/bin/packages/core/src/render3/features/ng_onchanges_feature.ts:83:10)
	    at callHookInternal (http://localhost:9876/k8-fastbuild-ST-199a4f3c4e20/bin/packages/core/src/render3/hooks.ts:290:10)
	    at callHook (http://localhost:9876/k8-fastbuild-ST-199a4f3c4e20/bin/packages/core/src/render3/hooks.ts:322:5)
	    at callHooks (http://localhost:9876/k8-fastbuild-ST-199a4f3c4e20/bin/packages/core/src/render3/hooks.ts:270:9)
	    at executeInitAndCheckHooks (http://localhost:9876/k8-fastbuild-ST-199a4f3c4e20/bin/packages/core/src/render3/hooks.ts:205:5)
	    at selectIndexInternal (http://localhost:9876/k8-fastbuild-ST-199a4f3c4e20/bin/packages/core/src/render3/instructions/advance.ts:74:9)
	    at ╔Á╔Áadvance (http://localhost:9876/k8-fastbuild-ST-199a4f3c4e20/bin/packages/core/src/render3/instructions/advance.ts:45:3)
Chrome Headless 144.0.0.0 (Windows 10): Executed 22 of 168[31m (22 FAILED)[39m (0 secs / 0.294 secs)
[1A[2KLOG: [36m'­ƒôì Ubicaci├│n obtenida:', '40.7128', '-74.0060'[39m
Chrome Headless 144.0.0.0 (Windows 10): Executed 22 of 168[31m (22 FAILED)[39m (0 secs / 0.294 secs)
LOG: '­ƒôì Ubicaci├│n obtenida:', '40.7128', '-74.0060'
[1A[2KLOG: [36m'­ƒôè Filtros aplicados - Activos:', 0, 'Completados:', 0[39m
Chrome Headless 144.0.0.0 (Windows 10): Executed 22 of 168[31m (22 FAILED)[39m (0 secs / 0.294 secs)
LOG: '­ƒôè Filtros aplicados - Activos:', 0, 'Completados:', 0
[1A[2KLOG: [36m'­ƒöä Recordatorios actualizados:', 2[39m
Chrome Headless 144.0.0.0 (Windows 10): Executed 22 of 168[31m (22 FAILED)[39m (0 secs / 0.294 secs)
LOG: '­ƒöä Recordatorios actualizados:', 2
[1A[2KLOG: [36m'­ƒôè Filtros aplicados - Activos:', 1, 'Completados:', 1[39m
Chrome Headless 144.0.0.0 (Windows 10): Executed 22 of 168[31m (22 FAILED)[39m (0 secs / 0.294 secs)
LOG: '­ƒôè Filtros aplicados - Activos:', 1, 'Completados:', 1
[1A[2K[31mChrome Headless 144.0.0.0 (Windows 10) ReminderListComponent should refresh reminders FAILED[39m
	TypeError: this.router.createUrlTree is not a function
	    at _RouterLink.get urlTree [as urlTree] (http://localhost:9876/k8-fastbuild-ST-199a4f3c4e20/bin/packages/router/src/directives/router_link.ts:455:24)
	    at _RouterLink.updateHref (http://localhost:9876/k8-fastbuild-ST-199a4f3c4e20/bin/packages/router/src/directives/router_link.ts:431:26)
	    at _RouterLink.ngOnChanges (http://localhost:9876/k8-fastbuild-ST-199a4f3c4e20/bin/packages/router/src/directives/router_link.ts:341:12)
	    at _RouterLink.rememberChangeHistoryAndInvokeOnChangesHook (http://localhost:9876/k8-fastbuild-ST-199a4f3c4e20/bin/packages/core/src/render3/features/ng_onchanges_feature.ts:83:10)
	    at callHookInternal (http://localhost:9876/k8-fastbuild-ST-199a4f3c4e20/bin/packages/core/src/render3/hooks.ts:290:10)
	    at callHook (http://localhost:9876/k8-fastbuild-ST-199a4f3c4e20/bin/packages/core/src/render3/hooks.ts:322:5)
	    at callHooks (http://localhost:9876/k8-fastbuild-ST-199a4f3c4e20/bin/packages/core/src/render3/hooks.ts:270:9)
	    at executeInitAndCheckHooks (http://localhost:9876/k8-fastbuild-ST-199a4f3c4e20/bin/packages/core/src/render3/hooks.ts:205:5)
	    at selectIndexInternal (http://localhost:9876/k8-fastbuild-ST-199a4f3c4e20/bin/packages/core/src/render3/instructions/advance.ts:74:9)
	    at ╔Á╔Áadvance (http://localhost:9876/k8-fastbuild-ST-199a4f3c4e20/bin/packages/core/src/render3/instructions/advance.ts:45:3)
Chrome Headless 144.0.0.0 (Windows 10): Executed 23 of 168[31m (23 FAILED)[39m (0 secs / 0.296 secs)
[1A[2KLOG: [36m'­ƒôì Ubicaci├│n obtenida:', '40.7128', '-74.0060'[39m
Chrome Headless 144.0.0.0 (Windows 10): Executed 23 of 168[31m (23 FAILED)[39m (0 secs / 0.296 secs)
LOG: '­ƒôì Ubicaci├│n obtenida:', '40.7128', '-74.0060'
[1A[2KLOG: [36m'­ƒôè Filtros aplicados - Activos:', 0, 'Completados:', 0[39m
Chrome Headless 144.0.0.0 (Windows 10): Executed 23 of 168[31m (23 FAILED)[39m (0 secs / 0.296 secs)
LOG: '­ƒôè Filtros aplicados - Activos:', 0, 'Completados:', 0
[1A[2KLOG: [36m'­ƒöä Recordatorios actualizados:', 2[39m
Chrome Headless 144.0.0.0 (Windows 10): Executed 23 of 168[31m (23 FAILED)[39m (0 secs / 0.296 secs)
LOG: '­ƒöä Recordatorios actualizados:', 2
[1A[2KLOG: [36m'­ƒôè Filtros aplicados - Activos:', 1, 'Completados:', 1[39m
Chrome Headless 144.0.0.0 (Windows 10): Executed 23 of 168[31m (23 FAILED)[39m (0 secs / 0.296 secs)
LOG: '­ƒôè Filtros aplicados - Activos:', 1, 'Completados:', 1
[1A[2K[31mChrome Headless 144.0.0.0 (Windows 10) ReminderListComponent should logout and navigate to home FAILED[39m
	TypeError: this.router.createUrlTree is not a function
	    at _RouterLink.get urlTree [as urlTree] (http://localhost:9876/k8-fastbuild-ST-199a4f3c4e20/bin/packages/router/src/directives/router_link.ts:455:24)
	    at _RouterLink.updateHref (http://localhost:9876/k8-fastbuild-ST-199a4f3c4e20/bin/packages/router/src/directives/router_link.ts:431:26)
	    at _RouterLink.ngOnChanges (http://localhost:9876/k8-fastbuild-ST-199a4f3c4e20/bin/packages/router/src/directives/router_link.ts:341:12)
	    at _RouterLink.rememberChangeHistoryAndInvokeOnChangesHook (http://localhost:9876/k8-fastbuild-ST-199a4f3c4e20/bin/packages/core/src/render3/features/ng_onchanges_feature.ts:83:10)
	    at callHookInternal (http://localhost:9876/k8-fastbuild-ST-199a4f3c4e20/bin/packages/core/src/render3/hooks.ts:290:10)
	    at callHook (http://localhost:9876/k8-fastbuild-ST-199a4f3c4e20/bin/packages/core/src/render3/hooks.ts:322:5)
	    at callHooks (http://localhost:9876/k8-fastbuild-ST-199a4f3c4e20/bin/packages/core/src/render3/hooks.ts:270:9)
	    at executeInitAndCheckHooks (http://localhost:9876/k8-fastbuild-ST-199a4f3c4e20/bin/packages/core/src/render3/hooks.ts:205:5)
	    at selectIndexInternal (http://localhost:9876/k8-fastbuild-ST-199a4f3c4e20/bin/packages/core/src/render3/instructions/advance.ts:74:9)
	    at ╔Á╔Áadvance (http://localhost:9876/k8-fastbuild-ST-199a4f3c4e20/bin/packages/core/src/render3/instructions/advance.ts:45:3)
Chrome Headless 144.0.0.0 (Windows 10): Executed 24 of 168[31m (24 FAILED)[39m (0 secs / 0.298 secs)
[1A[2KLOG: [36m'­ƒôì Ubicaci├│n obtenida:', '40.7128', '-74.0060'[39m
Chrome Headless 144.0.0.0 (Windows 10): Executed 24 of 168[31m (24 FAILED)[39m (0 secs / 0.298 secs)
LOG: '­ƒôì Ubicaci├│n obtenida:', '40.7128', '-74.0060'
[1A[2KLOG: [36m'­ƒôè Filtros aplicados - Activos:', 0, 'Completados:', 0[39m
Chrome Headless 144.0.0.0 (Windows 10): Executed 24 of 168[31m (24 FAILED)[39m (0 secs / 0.298 secs)
LOG: '­ƒôè Filtros aplicados - Activos:', 0, 'Completados:', 0
[1A[2KLOG: [36m'­ƒöä Recordatorios actualizados:', 2[39m
Chrome Headless 144.0.0.0 (Windows 10): Executed 24 of 168[31m (24 FAILED)[39m (0 secs / 0.298 secs)
LOG: '­ƒöä Recordatorios actualizados:', 2
[1A[2KLOG: [36m'­ƒôè Filtros aplicados - Activos:', 1, 'Completados:', 1[39m
Chrome Headless 144.0.0.0 (Windows 10): Executed 24 of 168[31m (24 FAILED)[39m (0 secs / 0.298 secs)
LOG: '­ƒôè Filtros aplicados - Activos:', 1, 'Completados:', 1
[1A[2K[31mChrome Headless 144.0.0.0 (Windows 10) ReminderListComponent should remove category with confirmation FAILED[39m
	TypeError: this.router.createUrlTree is not a function
	    at _RouterLink.get urlTree [as urlTree] (http://localhost:9876/k8-fastbuild-ST-199a4f3c4e20/bin/packages/router/src/directives/router_link.ts:455:24)
	    at _RouterLink.updateHref (http://localhost:9876/k8-fastbuild-ST-199a4f3c4e20/bin/packages/router/src/directives/router_link.ts:431:26)
	    at _RouterLink.ngOnChanges (http://localhost:9876/k8-fastbuild-ST-199a4f3c4e20/bin/packages/router/src/directives/router_link.ts:341:12)
	    at _RouterLink.rememberChangeHistoryAndInvokeOnChangesHook (http://localhost:9876/k8-fastbuild-ST-199a4f3c4e20/bin/packages/core/src/render3/features/ng_onchanges_feature.ts:83:10)
	    at callHookInternal (http://localhost:9876/k8-fastbuild-ST-199a4f3c4e20/bin/packages/core/src/render3/hooks.ts:290:10)
	    at callHook (http://localhost:9876/k8-fastbuild-ST-199a4f3c4e20/bin/packages/core/src/render3/hooks.ts:322:5)
	    at callHooks (http://localhost:9876/k8-fastbuild-ST-199a4f3c4e20/bin/packages/core/src/render3/hooks.ts:270:9)
	    at executeInitAndCheckHooks (http://localhost:9876/k8-fastbuild-ST-199a4f3c4e20/bin/packages/core/src/render3/hooks.ts:205:5)
	    at selectIndexInternal (http://localhost:9876/k8-fastbuild-ST-199a4f3c4e20/bin/packages/core/src/render3/instructions/advance.ts:74:9)
	    at ╔Á╔Áadvance (http://localhost:9876/k8-fastbuild-ST-199a4f3c4e20/bin/packages/core/src/render3/instructions/advance.ts:45:3)
Chrome Headless 144.0.0.0 (Windows 10): Executed 25 of 168[31m (25 FAILED)[39m (0 secs / 0.3 secs)
[1A[2KLOG: [36m'­ƒôì Ubicaci├│n obtenida:', '40.7128', '-74.0060'[39m
Chrome Headless 144.0.0.0 (Windows 10): Executed 25 of 168[31m (25 FAILED)[39m (0 secs / 0.3 secs)
LOG: '­ƒôì Ubicaci├│n obtenida:', '40.7128', '-74.0060'
[1A[2KLOG: [36m'­ƒôè Filtros aplicados - Activos:', 0, 'Completados:', 0[39m
Chrome Headless 144.0.0.0 (Windows 10): Executed 25 of 168[31m (25 FAILED)[39m (0 secs / 0.3 secs)
LOG: '­ƒôè Filtros aplicados - Activos:', 0, 'Completados:', 0
[1A[2KLOG: [36m'­ƒöä Recordatorios actualizados:', 2[39m
Chrome Headless 144.0.0.0 (Windows 10): Executed 25 of 168[31m (25 FAILED)[39m (0 secs / 0.3 secs)
LOG: '­ƒöä Recordatorios actualizados:', 2
[1A[2KLOG: [36m'­ƒôè Filtros aplicados - Activos:', 1, 'Completados:', 1[39m
Chrome Headless 144.0.0.0 (Windows 10): Executed 25 of 168[31m (25 FAILED)[39m (0 secs / 0.3 secs)
LOG: '­ƒôè Filtros aplicados - Activos:', 1, 'Completados:', 1
[1A[2K[31mChrome Headless 144.0.0.0 (Windows 10) ReminderListComponent should filter reminders by category FAILED[39m
	TypeError: this.router.createUrlTree is not a function
	    at _RouterLink.get urlTree [as urlTree] (http://localhost:9876/k8-fastbuild-ST-199a4f3c4e20/bin/packages/router/src/directives/router_link.ts:455:24)
	    at _RouterLink.updateHref (http://localhost:9876/k8-fastbuild-ST-199a4f3c4e20/bin/packages/router/src/directives/router_link.ts:431:26)
	    at _RouterLink.ngOnChanges (http://localhost:9876/k8-fastbuild-ST-199a4f3c4e20/bin/packages/router/src/directives/router_link.ts:341:12)
	    at _RouterLink.rememberChangeHistoryAndInvokeOnChangesHook (http://localhost:9876/k8-fastbuild-ST-199a4f3c4e20/bin/packages/core/src/render3/features/ng_onchanges_feature.ts:83:10)
	    at callHookInternal (http://localhost:9876/k8-fastbuild-ST-199a4f3c4e20/bin/packages/core/src/render3/hooks.ts:290:10)
	    at callHook (http://localhost:9876/k8-fastbuild-ST-199a4f3c4e20/bin/packages/core/src/render3/hooks.ts:322:5)
	    at callHooks (http://localhost:9876/k8-fastbuild-ST-199a4f3c4e20/bin/packages/core/src/render3/hooks.ts:270:9)
	    at executeInitAndCheckHooks (http://localhost:9876/k8-fastbuild-ST-199a4f3c4e20/bin/packages/core/src/render3/hooks.ts:205:5)
	    at selectIndexInternal (http://localhost:9876/k8-fastbuild-ST-199a4f3c4e20/bin/packages/core/src/render3/instructions/advance.ts:74:9)
	    at ╔Á╔Áadvance (http://localhost:9876/k8-fastbuild-ST-199a4f3c4e20/bin/packages/core/src/render3/instructions/advance.ts:45:3)
Chrome Headless 144.0.0.0 (Windows 10): Executed 26 of 168[31m (26 FAILED)[39m (0 secs / 0.303 secs)
[1A[2KLOG: [36m'­ƒôì Ubicaci├│n obtenida:', '40.7128', '-74.0060'[39m
Chrome Headless 144.0.0.0 (Windows 10): Executed 26 of 168[31m (26 FAILED)[39m (0 secs / 0.303 secs)
LOG: '­ƒôì Ubicaci├│n obtenida:', '40.7128', '-74.0060'
[1A[2KLOG: [36m'­ƒôè Filtros aplicados - Activos:', 0, 'Completados:', 0[39m
Chrome Headless 144.0.0.0 (Windows 10): Executed 26 of 168[31m (26 FAILED)[39m (0 secs / 0.303 secs)
LOG: '­ƒôè Filtros aplicados - Activos:', 0, 'Completados:', 0
[1A[2KLOG: [36m'­ƒöä Recordatorios actualizados:', 2[39m
Chrome Headless 144.0.0.0 (Windows 10): Executed 26 of 168[31m (26 FAILED)[39m (0 secs / 0.303 secs)
LOG: '­ƒöä Recordatorios actualizados:', 2
[1A[2KLOG: [36m'­ƒôè Filtros aplicados - Activos:', 1, 'Completados:', 1[39m
Chrome Headless 144.0.0.0 (Windows 10): Executed 26 of 168[31m (26 FAILED)[39m (0 secs / 0.303 secs)
LOG: '­ƒôè Filtros aplicados - Activos:', 1, 'Completados:', 1
[1A[2K[31mChrome Headless 144.0.0.0 (Windows 10) ReminderListComponent should toggle reminder completion FAILED[39m
	TypeError: this.router.createUrlTree is not a function
	    at _RouterLink.get urlTree [as urlTree] (http://localhost:9876/k8-fastbuild-ST-199a4f3c4e20/bin/packages/router/src/directives/router_link.ts:455:24)
	    at _RouterLink.updateHref (http://localhost:9876/k8-fastbuild-ST-199a4f3c4e20/bin/packages/router/src/directives/router_link.ts:431:26)
	    at _RouterLink.ngOnChanges (http://localhost:9876/k8-fastbuild-ST-199a4f3c4e20/bin/packages/router/src/directives/router_link.ts:341:12)
	    at _RouterLink.rememberChangeHistoryAndInvokeOnChangesHook (http://localhost:9876/k8-fastbuild-ST-199a4f3c4e20/bin/packages/core/src/render3/features/ng_onchanges_feature.ts:83:10)
	    at callHookInternal (http://localhost:9876/k8-fastbuild-ST-199a4f3c4e20/bin/packages/core/src/render3/hooks.ts:290:10)
	    at callHook (http://localhost:9876/k8-fastbuild-ST-199a4f3c4e20/bin/packages/core/src/render3/hooks.ts:322:5)
	    at callHooks (http://localhost:9876/k8-fastbuild-ST-199a4f3c4e20/bin/packages/core/src/render3/hooks.ts:270:9)
	    at executeInitAndCheckHooks (http://localhost:9876/k8-fastbuild-ST-199a4f3c4e20/bin/packages/core/src/render3/hooks.ts:205:5)
	    at selectIndexInternal (http://localhost:9876/k8-fastbuild-ST-199a4f3c4e20/bin/packages/core/src/render3/instructions/advance.ts:74:9)
	    at ╔Á╔Áadvance (http://localhost:9876/k8-fastbuild-ST-199a4f3c4e20/bin/packages/core/src/render3/instructions/advance.ts:45:3)
Chrome Headless 144.0.0.0 (Windows 10): Executed 27 of 168[31m (27 FAILED)[39m (0 secs / 0.306 secs)
[1A[2KLOG: [36m'­ƒôì Ubicaci├│n obtenida:', '40.7128', '-74.0060'[39m
Chrome Headless 144.0.0.0 (Windows 10): Executed 27 of 168[31m (27 FAILED)[39m (0 secs / 0.306 secs)
LOG: '­ƒôì Ubicaci├│n obtenida:', '40.7128', '-74.0060'
[1A[2KLOG: [36m'­ƒôè Filtros aplicados - Activos:', 0, 'Completados:', 0[39m
Chrome Headless 144.0.0.0 (Windows 10): Executed 27 of 168[31m (27 FAILED)[39m (0 secs / 0.306 secs)
LOG: '­ƒôè Filtros aplicados - Activos:', 0, 'Completados:', 0
[1A[2KLOG: [36m'­ƒöä Recordatorios actualizados:', 2[39m
Chrome Headless 144.0.0.0 (Windows 10): Executed 27 of 168[31m (27 FAILED)[39m (0 secs / 0.306 secs)
LOG: '­ƒöä Recordatorios actualizados:', 2
[1A[2KLOG: [36m'­ƒôè Filtros aplicados - Activos:', 1, 'Completados:', 1[39m
Chrome Headless 144.0.0.0 (Windows 10): Executed 27 of 168[31m (27 FAILED)[39m (0 secs / 0.306 secs)
LOG: '­ƒôè Filtros aplicados - Activos:', 1, 'Completados:', 1
[1A[2K[31mChrome Headless 144.0.0.0 (Windows 10) ReminderListComponent should install PWA FAILED[39m
	TypeError: this.router.createUrlTree is not a function
	    at _RouterLink.get urlTree [as urlTree] (http://localhost:9876/k8-fastbuild-ST-199a4f3c4e20/bin/packages/router/src/directives/router_link.ts:455:24)
	    at _RouterLink.updateHref (http://localhost:9876/k8-fastbuild-ST-199a4f3c4e20/bin/packages/router/src/directives/router_link.ts:431:26)
	    at _RouterLink.ngOnChanges (http://localhost:9876/k8-fastbuild-ST-199a4f3c4e20/bin/packages/router/src/directives/router_link.ts:341:12)
	    at _RouterLink.rememberChangeHistoryAndInvokeOnChangesHook (http://localhost:9876/k8-fastbuild-ST-199a4f3c4e20/bin/packages/core/src/render3/features/ng_onchanges_feature.ts:83:10)
	    at callHookInternal (http://localhost:9876/k8-fastbuild-ST-199a4f3c4e20/bin/packages/core/src/render3/hooks.ts:290:10)
	    at callHook (http://localhost:9876/k8-fastbuild-ST-199a4f3c4e20/bin/packages/core/src/render3/hooks.ts:322:5)
	    at callHooks (http://localhost:9876/k8-fastbuild-ST-199a4f3c4e20/bin/packages/core/src/render3/hooks.ts:270:9)
	    at executeInitAndCheckHooks (http://localhost:9876/k8-fastbuild-ST-199a4f3c4e20/bin/packages/core/src/render3/hooks.ts:205:5)
	    at selectIndexInternal (http://localhost:9876/k8-fastbuild-ST-199a4f3c4e20/bin/packages/core/src/render3/instructions/advance.ts:74:9)
	    at ╔Á╔Áadvance (http://localhost:9876/k8-fastbuild-ST-199a4f3c4e20/bin/packages/core/src/render3/instructions/advance.ts:45:3)
Chrome Headless 144.0.0.0 (Windows 10): Executed 28 of 168[31m (28 FAILED)[39m (0 secs / 0.309 secs)
[1A[2KLOG: [36m'­ƒôì Ubicaci├│n obtenida:', '40.7128', '-74.0060'[39m
Chrome Headless 144.0.0.0 (Windows 10): Executed 28 of 168[31m (28 FAILED)[39m (0 secs / 0.309 secs)
LOG: '­ƒôì Ubicaci├│n obtenida:', '40.7128', '-74.0060'
[1A[2KLOG: [36m'­ƒôè Filtros aplicados - Activos:', 0, 'Completados:', 0[39m
Chrome Headless 144.0.0.0 (Windows 10): Executed 28 of 168[31m (28 FAILED)[39m (0 secs / 0.309 secs)
LOG: '­ƒôè Filtros aplicados - Activos:', 0, 'Completados:', 0
[1A[2KLOG: [36m'­ƒöä Recordatorios actualizados:', 2[39m
Chrome Headless 144.0.0.0 (Windows 10): Executed 28 of 168[31m (28 FAILED)[39m (0 secs / 0.309 secs)
LOG: '­ƒöä Recordatorios actualizados:', 2
[1A[2KLOG: [36m'­ƒôè Filtros aplicados - Activos:', 1, 'Completados:', 1[39m
Chrome Headless 144.0.0.0 (Windows 10): Executed 28 of 168[31m (28 FAILED)[39m (0 secs / 0.309 secs)
LOG: '­ƒôè Filtros aplicados - Activos:', 1, 'Completados:', 1
[1A[2K[31mChrome Headless 144.0.0.0 (Windows 10) ReminderListComponent should delete reminder with confirmation FAILED[39m
	TypeError: this.router.createUrlTree is not a function
	    at _RouterLink.get urlTree [as urlTree] (http://localhost:9876/k8-fastbuild-ST-199a4f3c4e20/bin/packages/router/src/directives/router_link.ts:455:24)
	    at _RouterLink.updateHref (http://localhost:9876/k8-fastbuild-ST-199a4f3c4e20/bin/packages/router/src/directives/router_link.ts:431:26)
	    at _RouterLink.ngOnChanges (http://localhost:9876/k8-fastbuild-ST-199a4f3c4e20/bin/packages/router/src/directives/router_link.ts:341:12)
	    at _RouterLink.rememberChangeHistoryAndInvokeOnChangesHook (http://localhost:9876/k8-fastbuild-ST-199a4f3c4e20/bin/packages/core/src/render3/features/ng_onchanges_feature.ts:83:10)
	    at callHookInternal (http://localhost:9876/k8-fastbuild-ST-199a4f3c4e20/bin/packages/core/src/render3/hooks.ts:290:10)
	    at callHook (http://localhost:9876/k8-fastbuild-ST-199a4f3c4e20/bin/packages/core/src/render3/hooks.ts:322:5)
	    at callHooks (http://localhost:9876/k8-fastbuild-ST-199a4f3c4e20/bin/packages/core/src/render3/hooks.ts:270:9)
	    at executeInitAndCheckHooks (http://localhost:9876/k8-fastbuild-ST-199a4f3c4e20/bin/packages/core/src/render3/hooks.ts:205:5)
	    at selectIndexInternal (http://localhost:9876/k8-fastbuild-ST-199a4f3c4e20/bin/packages/core/src/render3/instructions/advance.ts:74:9)
	    at ╔Á╔Áadvance (http://localhost:9876/k8-fastbuild-ST-199a4f3c4e20/bin/packages/core/src/render3/instructions/advance.ts:45:3)
Chrome Headless 144.0.0.0 (Windows 10): Executed 29 of 168[31m (29 FAILED)[39m (0 secs / 0.311 secs)
[1A[2KLOG: [36m'­ƒôì Ubicaci├│n obtenida:', '40.7128', '-74.0060'[39m
Chrome Headless 144.0.0.0 (Windows 10): Executed 29 of 168[31m (29 FAILED)[39m (0 secs / 0.311 secs)
LOG: '­ƒôì Ubicaci├│n obtenida:', '40.7128', '-74.0060'
[1A[2KLOG: [36m'­ƒôè Filtros aplicados - Activos:', 0, 'Completados:', 0[39m
Chrome Headless 144.0.0.0 (Windows 10): Executed 29 of 168[31m (29 FAILED)[39m (0 secs / 0.311 secs)
LOG: '­ƒôè Filtros aplicados - Activos:', 0, 'Completados:', 0
[1A[2KLOG: [36m'­ƒöä Recordatorios actualizados:', 2[39m
Chrome Headless 144.0.0.0 (Windows 10): Executed 29 of 168[31m (29 FAILED)[39m (0 secs / 0.311 secs)
LOG: '­ƒöä Recordatorios actualizados:', 2
[1A[2KLOG: [36m'­ƒôè Filtros aplicados - Activos:', 1, 'Completados:', 1[39m
Chrome Headless 144.0.0.0 (Windows 10): Executed 29 of 168[31m (29 FAILED)[39m (0 secs / 0.311 secs)
LOG: '­ƒôè Filtros aplicados - Activos:', 1, 'Completados:', 1
[1A[2K[31mChrome Headless 144.0.0.0 (Windows 10) ReminderListComponent should check if PWA can be installed FAILED[39m
	TypeError: this.router.createUrlTree is not a function
	    at _RouterLink.get urlTree [as urlTree] (http://localhost:9876/k8-fastbuild-ST-199a4f3c4e20/bin/packages/router/src/directives/router_link.ts:455:24)
	    at _RouterLink.updateHref (http://localhost:9876/k8-fastbuild-ST-199a4f3c4e20/bin/packages/router/src/directives/router_link.ts:431:26)
	    at _RouterLink.ngOnChanges (http://localhost:9876/k8-fastbuild-ST-199a4f3c4e20/bin/packages/router/src/directives/router_link.ts:341:12)
	    at _RouterLink.rememberChangeHistoryAndInvokeOnChangesHook (http://localhost:9876/k8-fastbuild-ST-199a4f3c4e20/bin/packages/core/src/render3/features/ng_onchanges_feature.ts:83:10)
	    at callHookInternal (http://localhost:9876/k8-fastbuild-ST-199a4f3c4e20/bin/packages/core/src/render3/hooks.ts:290:10)
	    at callHook (http://localhost:9876/k8-fastbuild-ST-199a4f3c4e20/bin/packages/core/src/render3/hooks.ts:322:5)
	    at callHooks (http://localhost:9876/k8-fastbuild-ST-199a4f3c4e20/bin/packages/core/src/render3/hooks.ts:270:9)
	    at executeInitAndCheckHooks (http://localhost:9876/k8-fastbuild-ST-199a4f3c4e20/bin/packages/core/src/render3/hooks.ts:205:5)
	    at selectIndexInternal (http://localhost:9876/k8-fastbuild-ST-199a4f3c4e20/bin/packages/core/src/render3/instructions/advance.ts:74:9)
	    at ╔Á╔Áadvance (http://localhost:9876/k8-fastbuild-ST-199a4f3c4e20/bin/packages/core/src/render3/instructions/advance.ts:45:3)
Chrome Headless 144.0.0.0 (Windows 10): Executed 30 of 168[31m (30 FAILED)[39m (0 secs / 0.313 secs)
[1A[2KLOG: [36m'­ƒôì Ubicaci├│n obtenida:', '40.7128', '-74.0060'[39m
Chrome Headless 144.0.0.0 (Windows 10): Executed 30 of 168[31m (30 FAILED)[39m (0 secs / 0.313 secs)
LOG: '­ƒôì Ubicaci├│n obtenida:', '40.7128', '-74.0060'
[1A[2KLOG: [36m'­ƒôè Filtros aplicados - Activos:', 0, 'Completados:', 0[39m
Chrome Headless 144.0.0.0 (Windows 10): Executed 30 of 168[31m (30 FAILED)[39m (0 secs / 0.313 secs)
LOG: '­ƒôè Filtros aplicados - Activos:', 0, 'Completados:', 0
[1A[2KLOG: [36m'­ƒöä Recordatorios actualizados:', 2[39m
Chrome Headless 144.0.0.0 (Windows 10): Executed 30 of 168[31m (30 FAILED)[39m (0 secs / 0.313 secs)
LOG: '­ƒöä Recordatorios actualizados:', 2
[1A[2KLOG: [36m'­ƒôè Filtros aplicados - Activos:', 1, 'Completados:', 1[39m
Chrome Headless 144.0.0.0 (Windows 10): Executed 30 of 168[31m (30 FAILED)[39m (0 secs / 0.313 secs)
LOG: '­ƒôè Filtros aplicados - Activos:', 1, 'Completados:', 1
[1A[2K[31mChrome Headless 144.0.0.0 (Windows 10) ReminderListComponent should not delete reminder without confirmation FAILED[39m
	TypeError: this.router.createUrlTree is not a function
	    at _RouterLink.get urlTree [as urlTree] (http://localhost:9876/k8-fastbuild-ST-199a4f3c4e20/bin/packages/router/src/directives/router_link.ts:455:24)
	    at _RouterLink.updateHref (http://localhost:9876/k8-fastbuild-ST-199a4f3c4e20/bin/packages/router/src/directives/router_link.ts:431:26)
	    at _RouterLink.ngOnChanges (http://localhost:9876/k8-fastbuild-ST-199a4f3c4e20/bin/packages/router/src/directives/router_link.ts:341:12)
	    at _RouterLink.rememberChangeHistoryAndInvokeOnChangesHook (http://localhost:9876/k8-fastbuild-ST-199a4f3c4e20/bin/packages/core/src/render3/features/ng_onchanges_feature.ts:83:10)
	    at callHookInternal (http://localhost:9876/k8-fastbuild-ST-199a4f3c4e20/bin/packages/core/src/render3/hooks.ts:290:10)
	    at callHook (http://localhost:9876/k8-fastbuild-ST-199a4f3c4e20/bin/packages/core/src/render3/hooks.ts:322:5)
	    at callHooks (http://localhost:9876/k8-fastbuild-ST-199a4f3c4e20/bin/packages/core/src/render3/hooks.ts:270:9)
	    at executeInitAndCheckHooks (http://localhost:9876/k8-fastbuild-ST-199a4f3c4e20/bin/packages/core/src/render3/hooks.ts:205:5)
	    at selectIndexInternal (http://localhost:9876/k8-fastbuild-ST-199a4f3c4e20/bin/packages/core/src/render3/instructions/advance.ts:74:9)
	    at ╔Á╔Áadvance (http://localhost:9876/k8-fastbuild-ST-199a4f3c4e20/bin/packages/core/src/render3/instructions/advance.ts:45:3)
Chrome Headless 144.0.0.0 (Windows 10): Executed 31 of 168[31m (31 FAILED)[39m (0 secs / 0.315 secs)
[1A[2KLOG: [36m'­ƒôì Ubicaci├│n obtenida:', '40.7128', '-74.0060'[39m
Chrome Headless 144.0.0.0 (Windows 10): Executed 31 of 168[31m (31 FAILED)[39m (0 secs / 0.315 secs)
LOG: '­ƒôì Ubicaci├│n obtenida:', '40.7128', '-74.0060'
[1A[2KChrome Headless 144.0.0.0 (Windows 10): Executed 32 of 168[31m (31 FAILED)[39m (0 secs / 0.316 secs)
[1A[2KChrome Headless 144.0.0.0 (Windows 10): Executed 33 of 168[31m (31 FAILED)[39m (0 secs / 0.317 secs)
[1A[2K[31mChrome Headless 144.0.0.0 (Windows 10) RegisterComponent should validate password minimum length FAILED[39m
	TypeError: this.router.serializeUrl is not a function
	    at _RouterLink.updateHref (http://localhost:9876/k8-fastbuild-ST-199a4f3c4e20/bin/packages/router/src/directives/router_link.ts:434:66)
	    at _RouterLink.ngOnChanges (http://localhost:9876/k8-fastbuild-ST-199a4f3c4e20/bin/packages/router/src/directives/router_link.ts:341:12)
	    at _RouterLink.rememberChangeHistoryAndInvokeOnChangesHook (http://localhost:9876/k8-fastbuild-ST-199a4f3c4e20/bin/packages/core/src/render3/features/ng_onchanges_feature.ts:83:10)
	    at callHookInternal (http://localhost:9876/k8-fastbuild-ST-199a4f3c4e20/bin/packages/core/src/render3/hooks.ts:290:10)
	    at callHook (http://localhost:9876/k8-fastbuild-ST-199a4f3c4e20/bin/packages/core/src/render3/hooks.ts:322:5)
	    at callHooks (http://localhost:9876/k8-fastbuild-ST-199a4f3c4e20/bin/packages/core/src/render3/hooks.ts:270:9)
	    at executeInitAndCheckHooks (http://localhost:9876/k8-fastbuild-ST-199a4f3c4e20/bin/packages/core/src/render3/hooks.ts:205:5)
	    at refreshView (http://localhost:9876/k8-fastbuild-ST-199a4f3c4e20/bin/packages/core/src/render3/instructions/change_detection.ts:249:11)
	    at detectChangesInView (http://localhost:9876/k8-fastbuild-ST-199a4f3c4e20/bin/packages/core/src/render3/instructions/change_detection.ts:495:5)
	    at detectChangesInViewIfAttached (http://localhost:9876/k8-fastbuild-ST-199a4f3c4e20/bin/packages/core/src/render3/instructions/change_detection.ts:443:3)
Chrome Headless 144.0.0.0 (Windows 10): Executed 34 of 168[31m (32 FAILED)[39m (0 secs / 0.332 secs)
[1A[2K[31mChrome Headless 144.0.0.0 (Windows 10) RegisterComponent should validate email field as required and valid FAILED[39m
	TypeError: this.router.serializeUrl is not a function
	    at _RouterLink.updateHref (http://localhost:9876/k8-fastbuild-ST-199a4f3c4e20/bin/packages/router/src/directives/router_link.ts:434:66)
	    at _RouterLink.ngOnChanges (http://localhost:9876/k8-fastbuild-ST-199a4f3c4e20/bin/packages/router/src/directives/router_link.ts:341:12)
	    at _RouterLink.rememberChangeHistoryAndInvokeOnChangesHook (http://localhost:9876/k8-fastbuild-ST-199a4f3c4e20/bin/packages/core/src/render3/features/ng_onchanges_feature.ts:83:10)
	    at callHookInternal (http://localhost:9876/k8-fastbuild-ST-199a4f3c4e20/bin/packages/core/src/render3/hooks.ts:290:10)
	    at callHook (http://localhost:9876/k8-fastbuild-ST-199a4f3c4e20/bin/packages/core/src/render3/hooks.ts:322:5)
	    at callHooks (http://localhost:9876/k8-fastbuild-ST-199a4f3c4e20/bin/packages/core/src/render3/hooks.ts:270:9)
	    at executeInitAndCheckHooks (http://localhost:9876/k8-fastbuild-ST-199a4f3c4e20/bin/packages/core/src/render3/hooks.ts:205:5)
	    at refreshView (http://localhost:9876/k8-fastbuild-ST-199a4f3c4e20/bin/packages/core/src/render3/instructions/change_detection.ts:249:11)
	    at detectChangesInView (http://localhost:9876/k8-fastbuild-ST-199a4f3c4e20/bin/packages/core/src/render3/instructions/change_detection.ts:495:5)
	    at detectChangesInViewIfAttached (http://localhost:9876/k8-fastbuild-ST-199a4f3c4e20/bin/packages/core/src/render3/instructions/change_detection.ts:443:3)
Chrome Headless 144.0.0.0 (Windows 10): Executed 35 of 168[31m (33 FAILED)[39m (0 secs / 0.335 secs)
[1A[2K[31mChrome Headless 144.0.0.0 (Windows 10) RegisterComponent should initialize form with email and password fields FAILED[39m
	TypeError: this.router.serializeUrl is not a function
	    at _RouterLink.updateHref (http://localhost:9876/k8-fastbuild-ST-199a4f3c4e20/bin/packages/router/src/directives/router_link.ts:434:66)
	    at _RouterLink.ngOnChanges (http://localhost:9876/k8-fastbuild-ST-199a4f3c4e20/bin/packages/router/src/directives/router_link.ts:341:12)
	    at _RouterLink.rememberChangeHistoryAndInvokeOnChangesHook (http://localhost:9876/k8-fastbuild-ST-199a4f3c4e20/bin/packages/core/src/render3/features/ng_onchanges_feature.ts:83:10)
	    at callHookInternal (http://localhost:9876/k8-fastbuild-ST-199a4f3c4e20/bin/packages/core/src/render3/hooks.ts:290:10)
	    at callHook (http://localhost:9876/k8-fastbuild-ST-199a4f3c4e20/bin/packages/core/src/render3/hooks.ts:322:5)
	    at callHooks (http://localhost:9876/k8-fastbuild-ST-199a4f3c4e20/bin/packages/core/src/render3/hooks.ts:270:9)
	    at executeInitAndCheckHooks (http://localhost:9876/k8-fastbuild-ST-199a4f3c4e20/bin/packages/core/src/render3/hooks.ts:205:5)
	    at refreshView (http://localhost:9876/k8-fastbuild-ST-199a4f3c4e20/bin/packages/core/src/render3/instructions/change_detection.ts:249:11)
	    at detectChangesInView (http://localhost:9876/k8-fastbuild-ST-199a4f3c4e20/bin/packages/core/src/render3/instructions/change_detection.ts:495:5)
	    at detectChangesInViewIfAttached (http://localhost:9876/k8-fastbuild-ST-199a4f3c4e20/bin/packages/core/src/render3/instructions/change_detection.ts:443:3)
Chrome Headless 144.0.0.0 (Windows 10): Executed 36 of 168[31m (34 FAILED)[39m (0 secs / 0.338 secs)
[1A[2K[31mChrome Headless 144.0.0.0 (Windows 10) RegisterComponent should redirect to reminders if user is already authenticated FAILED[39m
	TypeError: this.router.serializeUrl is not a function
	    at _RouterLink.updateHref (http://localhost:9876/k8-fastbuild-ST-199a4f3c4e20/bin/packages/router/src/directives/router_link.ts:434:66)
	    at _RouterLink.ngOnChanges (http://localhost:9876/k8-fastbuild-ST-199a4f3c4e20/bin/packages/router/src/directives/router_link.ts:341:12)
	    at _RouterLink.rememberChangeHistoryAndInvokeOnChangesHook (http://localhost:9876/k8-fastbuild-ST-199a4f3c4e20/bin/packages/core/src/render3/features/ng_onchanges_feature.ts:83:10)
	    at callHookInternal (http://localhost:9876/k8-fastbuild-ST-199a4f3c4e20/bin/packages/core/src/render3/hooks.ts:290:10)
	    at callHook (http://localhost:9876/k8-fastbuild-ST-199a4f3c4e20/bin/packages/core/src/render3/hooks.ts:322:5)
	    at callHooks (http://localhost:9876/k8-fastbuild-ST-199a4f3c4e20/bin/packages/core/src/render3/hooks.ts:270:9)
	    at executeInitAndCheckHooks (http://localhost:9876/k8-fastbuild-ST-199a4f3c4e20/bin/packages/core/src/render3/hooks.ts:205:5)
	    at refreshView (http://localhost:9876/k8-fastbuild-ST-199a4f3c4e20/bin/packages/core/src/render3/instructions/change_detection.ts:249:11)
	    at detectChangesInView (http://localhost:9876/k8-fastbuild-ST-199a4f3c4e20/bin/packages/core/src/render3/instructions/change_detection.ts:495:5)
	    at detectChangesInViewIfAttached (http://localhost:9876/k8-fastbuild-ST-199a4f3c4e20/bin/packages/core/src/render3/instructions/change_detection.ts:443:3)
Chrome Headless 144.0.0.0 (Windows 10): Executed 37 of 168[31m (35 FAILED)[39m (0 secs / 0.34 secs)
[1A[2K[31mChrome Headless 144.0.0.0 (Windows 10) RegisterComponent should show error if form is invalid on submit FAILED[39m
	TypeError: this.router.serializeUrl is not a function
	    at _RouterLink.updateHref (http://localhost:9876/k8-fastbuild-ST-199a4f3c4e20/bin/packages/router/src/directives/router_link.ts:434:66)
	    at _RouterLink.ngOnChanges (http://localhost:9876/k8-fastbuild-ST-199a4f3c4e20/bin/packages/router/src/directives/router_link.ts:341:12)
	    at _RouterLink.rememberChangeHistoryAndInvokeOnChangesHook (http://localhost:9876/k8-fastbuild-ST-199a4f3c4e20/bin/packages/core/src/render3/features/ng_onchanges_feature.ts:83:10)
	    at callHookInternal (http://localhost:9876/k8-fastbuild-ST-199a4f3c4e20/bin/packages/core/src/render3/hooks.ts:290:10)
	    at callHook (http://localhost:9876/k8-fastbuild-ST-199a4f3c4e20/bin/packages/core/src/render3/hooks.ts:322:5)
	    at callHooks (http://localhost:9876/k8-fastbuild-ST-199a4f3c4e20/bin/packages/core/src/render3/hooks.ts:270:9)
	    at executeInitAndCheckHooks (http://localhost:9876/k8-fastbuild-ST-199a4f3c4e20/bin/packages/core/src/render3/hooks.ts:205:5)
	    at refreshView (http://localhost:9876/k8-fastbuild-ST-199a4f3c4e20/bin/packages/core/src/render3/instructions/change_detection.ts:249:11)
	    at detectChangesInView (http://localhost:9876/k8-fastbuild-ST-199a4f3c4e20/bin/packages/core/src/render3/instructions/change_detection.ts:495:5)
	    at detectChangesInViewIfAttached (http://localhost:9876/k8-fastbuild-ST-199a4f3c4e20/bin/packages/core/src/render3/instructions/change_detection.ts:443:3)
Chrome Headless 144.0.0.0 (Windows 10): Executed 38 of 168[31m (36 FAILED)[39m (0 secs / 0.342 secs)
[1A[2K[31mChrome Headless 144.0.0.0 (Windows 10) RegisterComponent should call signUp on valid form submit FAILED[39m
	TypeError: this.router.serializeUrl is not a function
	    at _RouterLink.updateHref (http://localhost:9876/k8-fastbuild-ST-199a4f3c4e20/bin/packages/router/src/directives/router_link.ts:434:66)
	    at _RouterLink.ngOnChanges (http://localhost:9876/k8-fastbuild-ST-199a4f3c4e20/bin/packages/router/src/directives/router_link.ts:341:12)
	    at _RouterLink.rememberChangeHistoryAndInvokeOnChangesHook (http://localhost:9876/k8-fastbuild-ST-199a4f3c4e20/bin/packages/core/src/render3/features/ng_onchanges_feature.ts:83:10)
	    at callHookInternal (http://localhost:9876/k8-fastbuild-ST-199a4f3c4e20/bin/packages/core/src/render3/hooks.ts:290:10)
	    at callHook (http://localhost:9876/k8-fastbuild-ST-199a4f3c4e20/bin/packages/core/src/render3/hooks.ts:322:5)
	    at callHooks (http://localhost:9876/k8-fastbuild-ST-199a4f3c4e20/bin/packages/core/src/render3/hooks.ts:270:9)
	    at executeInitAndCheckHooks (http://localhost:9876/k8-fastbuild-ST-199a4f3c4e20/bin/packages/core/src/render3/hooks.ts:205:5)
	    at refreshView (http://localhost:9876/k8-fastbuild-ST-199a4f3c4e20/bin/packages/core/src/render3/instructions/change_detection.ts:249:11)
	    at detectChangesInView (http://localhost:9876/k8-fastbuild-ST-199a4f3c4e20/bin/packages/core/src/render3/instructions/change_detection.ts:495:5)
	    at detectChangesInViewIfAttached (http://localhost:9876/k8-fastbuild-ST-199a4f3c4e20/bin/packages/core/src/render3/instructions/change_detection.ts:443:3)
Chrome Headless 144.0.0.0 (Windows 10): Executed 39 of 168[31m (37 FAILED)[39m (0 secs / 0.345 secs)
[1A[2K[31mChrome Headless 144.0.0.0 (Windows 10) RegisterComponent should create FAILED[39m
	TypeError: this.router.serializeUrl is not a function
	    at _RouterLink.updateHref (http://localhost:9876/k8-fastbuild-ST-199a4f3c4e20/bin/packages/router/src/directives/router_link.ts:434:66)
	    at _RouterLink.ngOnChanges (http://localhost:9876/k8-fastbuild-ST-199a4f3c4e20/bin/packages/router/src/directives/router_link.ts:341:12)
	    at _RouterLink.rememberChangeHistoryAndInvokeOnChangesHook (http://localhost:9876/k8-fastbuild-ST-199a4f3c4e20/bin/packages/core/src/render3/features/ng_onchanges_feature.ts:83:10)
	    at callHookInternal (http://localhost:9876/k8-fastbuild-ST-199a4f3c4e20/bin/packages/core/src/render3/hooks.ts:290:10)
	    at callHook (http://localhost:9876/k8-fastbuild-ST-199a4f3c4e20/bin/packages/core/src/render3/hooks.ts:322:5)
	    at callHooks (http://localhost:9876/k8-fastbuild-ST-199a4f3c4e20/bin/packages/core/src/render3/hooks.ts:270:9)
	    at executeInitAndCheckHooks (http://localhost:9876/k8-fastbuild-ST-199a4f3c4e20/bin/packages/core/src/render3/hooks.ts:205:5)
	    at refreshView (http://localhost:9876/k8-fastbuild-ST-199a4f3c4e20/bin/packages/core/src/render3/instructions/change_detection.ts:249:11)
	    at detectChangesInView (http://localhost:9876/k8-fastbuild-ST-199a4f3c4e20/bin/packages/core/src/render3/instructions/change_detection.ts:495:5)
	    at detectChangesInViewIfAttached (http://localhost:9876/k8-fastbuild-ST-199a4f3c4e20/bin/packages/core/src/render3/instructions/change_detection.ts:443:3)
Chrome Headless 144.0.0.0 (Windows 10): Executed 40 of 168[31m (38 FAILED)[39m (0 secs / 0.347 secs)
[1A[2K[31mChrome Headless 144.0.0.0 (Windows 10) RegisterComponent should show success message on successful registration FAILED[39m
	TypeError: this.router.serializeUrl is not a function
	    at _RouterLink.updateHref (http://localhost:9876/k8-fastbuild-ST-199a4f3c4e20/bin/packages/router/src/directives/router_link.ts:434:66)
	    at _RouterLink.ngOnChanges (http://localhost:9876/k8-fastbuild-ST-199a4f3c4e20/bin/packages/router/src/directives/router_link.ts:341:12)
	    at _RouterLink.rememberChangeHistoryAndInvokeOnChangesHook (http://localhost:9876/k8-fastbuild-ST-199a4f3c4e20/bin/packages/core/src/render3/features/ng_onchanges_feature.ts:83:10)
	    at callHookInternal (http://localhost:9876/k8-fastbuild-ST-199a4f3c4e20/bin/packages/core/src/render3/hooks.ts:290:10)
	    at callHook (http://localhost:9876/k8-fastbuild-ST-199a4f3c4e20/bin/packages/core/src/render3/hooks.ts:322:5)
	    at callHooks (http://localhost:9876/k8-fastbuild-ST-199a4f3c4e20/bin/packages/core/src/render3/hooks.ts:270:9)
	    at executeInitAndCheckHooks (http://localhost:9876/k8-fastbuild-ST-199a4f3c4e20/bin/packages/core/src/render3/hooks.ts:205:5)
	    at refreshView (http://localhost:9876/k8-fastbuild-ST-199a4f3c4e20/bin/packages/core/src/render3/instructions/change_detection.ts:249:11)
	    at detectChangesInView (http://localhost:9876/k8-fastbuild-ST-199a4f3c4e20/bin/packages/core/src/render3/instructions/change_detection.ts:495:5)
	    at detectChangesInViewIfAttached (http://localhost:9876/k8-fastbuild-ST-199a4f3c4e20/bin/packages/core/src/render3/instructions/change_detection.ts:443:3)
Chrome Headless 144.0.0.0 (Windows 10): Executed 41 of 168[31m (39 FAILED)[39m (0 secs / 0.348 secs)
[1A[2K[31mChrome Headless 144.0.0.0 (Windows 10) RegisterComponent should navigate to login after successful registration FAILED[39m
	TypeError: this.router.serializeUrl is not a function
	    at _RouterLink.updateHref (http://localhost:9876/k8-fastbuild-ST-199a4f3c4e20/bin/packages/router/src/directives/router_link.ts:434:66)
	    at _RouterLink.ngOnChanges (http://localhost:9876/k8-fastbuild-ST-199a4f3c4e20/bin/packages/router/src/directives/router_link.ts:341:12)
	    at _RouterLink.rememberChangeHistoryAndInvokeOnChangesHook (http://localhost:9876/k8-fastbuild-ST-199a4f3c4e20/bin/packages/core/src/render3/features/ng_onchanges_feature.ts:83:10)
	    at callHookInternal (http://localhost:9876/k8-fastbuild-ST-199a4f3c4e20/bin/packages/core/src/render3/hooks.ts:290:10)
	    at callHook (http://localhost:9876/k8-fastbuild-ST-199a4f3c4e20/bin/packages/core/src/render3/hooks.ts:322:5)
	    at callHooks (http://localhost:9876/k8-fastbuild-ST-199a4f3c4e20/bin/packages/core/src/render3/hooks.ts:270:9)
	    at executeInitAndCheckHooks (http://localhost:9876/k8-fastbuild-ST-199a4f3c4e20/bin/packages/core/src/render3/hooks.ts:205:5)
	    at refreshView (http://localhost:9876/k8-fastbuild-ST-199a4f3c4e20/bin/packages/core/src/render3/instructions/change_detection.ts:249:11)
	    at detectChangesInView (http://localhost:9876/k8-fastbuild-ST-199a4f3c4e20/bin/packages/core/src/render3/instructions/change_detection.ts:495:5)
	    at detectChangesInViewIfAttached (http://localhost:9876/k8-fastbuild-ST-199a4f3c4e20/bin/packages/core/src/render3/instructions/change_detection.ts:443:3)
Chrome Headless 144.0.0.0 (Windows 10): Executed 42 of 168[31m (40 FAILED)[39m (0 secs / 0.35 secs)
[1A[2K[31mChrome Headless 144.0.0.0 (Windows 10) RegisterComponent should show error message on failed registration FAILED[39m
	TypeError: this.router.serializeUrl is not a function
	    at _RouterLink.updateHref (http://localhost:9876/k8-fastbuild-ST-199a4f3c4e20/bin/packages/router/src/directives/router_link.ts:434:66)
	    at _RouterLink.ngOnChanges (http://localhost:9876/k8-fastbuild-ST-199a4f3c4e20/bin/packages/router/src/directives/router_link.ts:341:12)
	    at _RouterLink.rememberChangeHistoryAndInvokeOnChangesHook (http://localhost:9876/k8-fastbuild-ST-199a4f3c4e20/bin/packages/core/src/render3/features/ng_onchanges_feature.ts:83:10)
	    at callHookInternal (http://localhost:9876/k8-fastbuild-ST-199a4f3c4e20/bin/packages/core/src/render3/hooks.ts:290:10)
	    at callHook (http://localhost:9876/k8-fastbuild-ST-199a4f3c4e20/bin/packages/core/src/render3/hooks.ts:322:5)
	    at callHooks (http://localhost:9876/k8-fastbuild-ST-199a4f3c4e20/bin/packages/core/src/render3/hooks.ts:270:9)
	    at executeInitAndCheckHooks (http://localhost:9876/k8-fastbuild-ST-199a4f3c4e20/bin/packages/core/src/render3/hooks.ts:205:5)
	    at refreshView (http://localhost:9876/k8-fastbuild-ST-199a4f3c4e20/bin/packages/core/src/render3/instructions/change_detection.ts:249:11)
	    at detectChangesInView (http://localhost:9876/k8-fastbuild-ST-199a4f3c4e20/bin/packages/core/src/render3/instructions/change_detection.ts:495:5)
	    at detectChangesInViewIfAttached (http://localhost:9876/k8-fastbuild-ST-199a4f3c4e20/bin/packages/core/src/render3/instructions/change_detection.ts:443:3)
Chrome Headless 144.0.0.0 (Windows 10): Executed 43 of 168[31m (41 FAILED)[39m (0 secs / 0.353 secs)
[1A[2K[31mChrome Headless 144.0.0.0 (Windows 10) RegisterComponent should set loading state during registration FAILED[39m
	TypeError: this.router.serializeUrl is not a function
	    at _RouterLink.updateHref (http://localhost:9876/k8-fastbuild-ST-199a4f3c4e20/bin/packages/router/src/directives/router_link.ts:434:66)
	    at _RouterLink.ngOnChanges (http://localhost:9876/k8-fastbuild-ST-199a4f3c4e20/bin/packages/router/src/directives/router_link.ts:341:12)
	    at _RouterLink.rememberChangeHistoryAndInvokeOnChangesHook (http://localhost:9876/k8-fastbuild-ST-199a4f3c4e20/bin/packages/core/src/render3/features/ng_onchanges_feature.ts:83:10)
	    at callHookInternal (http://localhost:9876/k8-fastbuild-ST-199a4f3c4e20/bin/packages/core/src/render3/hooks.ts:290:10)
	    at callHook (http://localhost:9876/k8-fastbuild-ST-199a4f3c4e20/bin/packages/core/src/render3/hooks.ts:322:5)
	    at callHooks (http://localhost:9876/k8-fastbuild-ST-199a4f3c4e20/bin/packages/core/src/render3/hooks.ts:270:9)
	    at executeInitAndCheckHooks (http://localhost:9876/k8-fastbuild-ST-199a4f3c4e20/bin/packages/core/src/render3/hooks.ts:205:5)
	    at refreshView (http://localhost:9876/k8-fastbuild-ST-199a4f3c4e20/bin/packages/core/src/render3/instructions/change_detection.ts:249:11)
	    at detectChangesInView (http://localhost:9876/k8-fastbuild-ST-199a4f3c4e20/bin/packages/core/src/render3/instructions/change_detection.ts:495:5)
	    at detectChangesInViewIfAttached (http://localhost:9876/k8-fastbuild-ST-199a4f3c4e20/bin/packages/core/src/render3/instructions/change_detection.ts:443:3)
Chrome Headless 144.0.0.0 (Windows 10): Executed 44 of 168[31m (42 FAILED)[39m (0 secs / 0.355 secs)
[1A[2KChrome Headless 144.0.0.0 (Windows 10): Executed 45 of 168[31m (42 FAILED)[39m (0 secs / 0.355 secs)
[1A[2KChrome Headless 144.0.0.0 (Windows 10): Executed 46 of 168[31m (42 FAILED)[39m (0 secs / 0.355 secs)
[1A[2K[31mChrome Headless 144.0.0.0 (Windows 10) PwaService should be created FAILED[39m
	TypeError: Cannot read properties of undefined (reading 'subscribe')
	    at new _ChangeDetectionSchedulerImpl (http://localhost:9876/k8-fastbuild-ST-199a4f3c4e20/bin/packages/core/src/change_detection/scheduling/zoneless_scheduling_impl.ts:87:29)
	    at Object.ChangeDetectionSchedulerImpl_Factory [as factory] (chunk-5BCDSRZK.js:25861:16)
	    at http://localhost:9876/k8-fastbuild-ST-199a4f3c4e20/bin/packages/core/src/di/r3_injector.ts:529:35
	    at runInInjectorProfilerContext (http://localhost:9876/k8-fastbuild-ST-199a4f3c4e20/bin/packages/core/src/render3/debug/injector_profiler.ts:362:5)
	    at R3Injector.hydrate (http://localhost:9876/k8-fastbuild-ST-199a4f3c4e20/bin/packages/core/src/di/r3_injector.ts:527:11)
	    at R3Injector.get (http://localhost:9876/k8-fastbuild-ST-199a4f3c4e20/bin/packages/core/src/di/r3_injector.ts:368:23)
	    at R3Injector.retrieve (http://localhost:9876/k8-fastbuild-ST-199a4f3c4e20/bin/packages/core/src/di/r3_injector.ts:248:52)
	    at injectInjectorOnly (http://localhost:9876/k8-fastbuild-ST-199a4f3c4e20/bin/packages/core/src/di/injector_compatibility.ts:110:35)
	    at ╔Á╔Áinject (http://localhost:9876/k8-fastbuild-ST-199a4f3c4e20/bin/packages/core/src/di/injector_compatibility.ts:144:40)
	    at Object.factory (http://localhost:9876/k8-fastbuild-ST-199a4f3c4e20/bin/packages/core/src/di/r3_injector.ts:653:9)
Chrome Headless 144.0.0.0 (Windows 10): Executed 47 of 168[31m (43 FAILED)[39m (0 secs / 0.356 secs)
[1A[2K[31mChrome Headless 144.0.0.0 (Windows 10) PwaService installPwa should prompt user and return false on dismissal FAILED[39m
	TypeError: Cannot read properties of undefined (reading 'subscribe')
	    at new _ChangeDetectionSchedulerImpl (http://localhost:9876/k8-fastbuild-ST-199a4f3c4e20/bin/packages/core/src/change_detection/scheduling/zoneless_scheduling_impl.ts:87:29)
	    at Object.ChangeDetectionSchedulerImpl_Factory [as factory] (chunk-5BCDSRZK.js:25861:16)
	    at http://localhost:9876/k8-fastbuild-ST-199a4f3c4e20/bin/packages/core/src/di/r3_injector.ts:529:35
	    at runInInjectorProfilerContext (http://localhost:9876/k8-fastbuild-ST-199a4f3c4e20/bin/packages/core/src/render3/debug/injector_profiler.ts:362:5)
	    at R3Injector.hydrate (http://localhost:9876/k8-fastbuild-ST-199a4f3c4e20/bin/packages/core/src/di/r3_injector.ts:527:11)
	    at R3Injector.get (http://localhost:9876/k8-fastbuild-ST-199a4f3c4e20/bin/packages/core/src/di/r3_injector.ts:368:23)
	    at R3Injector.retrieve (http://localhost:9876/k8-fastbuild-ST-199a4f3c4e20/bin/packages/core/src/di/r3_injector.ts:248:52)
	    at injectInjectorOnly (http://localhost:9876/k8-fastbuild-ST-199a4f3c4e20/bin/packages/core/src/di/injector_compatibility.ts:110:35)
	    at ╔Á╔Áinject (http://localhost:9876/k8-fastbuild-ST-199a4f3c4e20/bin/packages/core/src/di/injector_compatibility.ts:144:40)
	    at Object.factory (http://localhost:9876/k8-fastbuild-ST-199a4f3c4e20/bin/packages/core/src/di/r3_injector.ts:653:9)
Chrome Headless 144.0.0.0 (Windows 10): Executed 48 of 168[31m (44 FAILED)[39m (0 secs / 0.357 secs)
[1A[2K[31mChrome Headless 144.0.0.0 (Windows 10) PwaService installPwa should prompt user and return true on acceptance FAILED[39m
	TypeError: Cannot read properties of undefined (reading 'subscribe')
	    at new _ChangeDetectionSchedulerImpl (http://localhost:9876/k8-fastbuild-ST-199a4f3c4e20/bin/packages/core/src/change_detection/scheduling/zoneless_scheduling_impl.ts:87:29)
	    at Object.ChangeDetectionSchedulerImpl_Factory [as factory] (chunk-5BCDSRZK.js:25861:16)
	    at http://localhost:9876/k8-fastbuild-ST-199a4f3c4e20/bin/packages/core/src/di/r3_injector.ts:529:35
	    at runInInjectorProfilerContext (http://localhost:9876/k8-fastbuild-ST-199a4f3c4e20/bin/packages/core/src/render3/debug/injector_profiler.ts:362:5)
	    at R3Injector.hydrate (http://localhost:9876/k8-fastbuild-ST-199a4f3c4e20/bin/packages/core/src/di/r3_injector.ts:527:11)
	    at R3Injector.get (http://localhost:9876/k8-fastbuild-ST-199a4f3c4e20/bin/packages/core/src/di/r3_injector.ts:368:23)
	    at R3Injector.retrieve (http://localhost:9876/k8-fastbuild-ST-199a4f3c4e20/bin/packages/core/src/di/r3_injector.ts:248:52)
	    at injectInjectorOnly (http://localhost:9876/k8-fastbuild-ST-199a4f3c4e20/bin/packages/core/src/di/injector_compatibility.ts:110:35)
	    at ╔Á╔Áinject (http://localhost:9876/k8-fastbuild-ST-199a4f3c4e20/bin/packages/core/src/di/injector_compatibility.ts:144:40)
	    at Object.factory (http://localhost:9876/k8-fastbuild-ST-199a4f3c4e20/bin/packages/core/src/di/r3_injector.ts:653:9)
Chrome Headless 144.0.0.0 (Windows 10): Executed 49 of 168[31m (45 FAILED)[39m (0 secs / 0.357 secs)
[1A[2K[31mChrome Headless 144.0.0.0 (Windows 10) PwaService installPwa should return false if no prompt event is available FAILED[39m
	TypeError: Cannot read properties of undefined (reading 'subscribe')
	    at new _ChangeDetectionSchedulerImpl (http://localhost:9876/k8-fastbuild-ST-199a4f3c4e20/bin/packages/core/src/change_detection/scheduling/zoneless_scheduling_impl.ts:87:29)
	    at Object.ChangeDetectionSchedulerImpl_Factory [as factory] (chunk-5BCDSRZK.js:25861:16)
	    at http://localhost:9876/k8-fastbuild-ST-199a4f3c4e20/bin/packages/core/src/di/r3_injector.ts:529:35
	    at runInInjectorProfilerContext (http://localhost:9876/k8-fastbuild-ST-199a4f3c4e20/bin/packages/core/src/render3/debug/injector_profiler.ts:362:5)
	    at R3Injector.hydrate (http://localhost:9876/k8-fastbuild-ST-199a4f3c4e20/bin/packages/core/src/di/r3_injector.ts:527:11)
	    at R3Injector.get (http://localhost:9876/k8-fastbuild-ST-199a4f3c4e20/bin/packages/core/src/di/r3_injector.ts:368:23)
	    at R3Injector.retrieve (http://localhost:9876/k8-fastbuild-ST-199a4f3c4e20/bin/packages/core/src/di/r3_injector.ts:248:52)
	    at injectInjectorOnly (http://localhost:9876/k8-fastbuild-ST-199a4f3c4e20/bin/packages/core/src/di/injector_compatibility.ts:110:35)
	    at ╔Á╔Áinject (http://localhost:9876/k8-fastbuild-ST-199a4f3c4e20/bin/packages/core/src/di/injector_compatibility.ts:144:40)
	    at Object.factory (http://localhost:9876/k8-fastbuild-ST-199a4f3c4e20/bin/packages/core/src/di/r3_injector.ts:653:9)
Chrome Headless 144.0.0.0 (Windows 10): Executed 50 of 168[31m (46 FAILED)[39m (0 secs / 0.358 secs)
[1A[2K[31mChrome Headless 144.0.0.0 (Windows 10) PwaService canInstall should return false by default FAILED[39m
	TypeError: Cannot read properties of undefined (reading 'subscribe')
	    at new _ChangeDetectionSchedulerImpl (http://localhost:9876/k8-fastbuild-ST-199a4f3c4e20/bin/packages/core/src/change_detection/scheduling/zoneless_scheduling_impl.ts:87:29)
	    at Object.ChangeDetectionSchedulerImpl_Factory [as factory] (chunk-5BCDSRZK.js:25861:16)
	    at http://localhost:9876/k8-fastbuild-ST-199a4f3c4e20/bin/packages/core/src/di/r3_injector.ts:529:35
	    at runInInjectorProfilerContext (http://localhost:9876/k8-fastbuild-ST-199a4f3c4e20/bin/packages/core/src/render3/debug/injector_profiler.ts:362:5)
	    at R3Injector.hydrate (http://localhost:9876/k8-fastbuild-ST-199a4f3c4e20/bin/packages/core/src/di/r3_injector.ts:527:11)
	    at R3Injector.get (http://localhost:9876/k8-fastbuild-ST-199a4f3c4e20/bin/packages/core/src/di/r3_injector.ts:368:23)
	    at R3Injector.retrieve (http://localhost:9876/k8-fastbuild-ST-199a4f3c4e20/bin/packages/core/src/di/r3_injector.ts:248:52)
	    at injectInjectorOnly (http://localhost:9876/k8-fastbuild-ST-199a4f3c4e20/bin/packages/core/src/di/injector_compatibility.ts:110:35)
	    at ╔Á╔Áinject (http://localhost:9876/k8-fastbuild-ST-199a4f3c4e20/bin/packages/core/src/di/injector_compatibility.ts:144:40)
	    at Object.factory (http://localhost:9876/k8-fastbuild-ST-199a4f3c4e20/bin/packages/core/src/di/r3_injector.ts:653:9)
Chrome Headless 144.0.0.0 (Windows 10): Executed 51 of 168[31m (47 FAILED)[39m (0 secs / 0.359 secs)
[1A[2K[31mChrome Headless 144.0.0.0 (Windows 10) PwaService canInstall should return true when prompt event is available FAILED[39m
	TypeError: Cannot read properties of undefined (reading 'subscribe')
	    at new _ChangeDetectionSchedulerImpl (http://localhost:9876/k8-fastbuild-ST-199a4f3c4e20/bin/packages/core/src/change_detection/scheduling/zoneless_scheduling_impl.ts:87:29)
	    at Object.ChangeDetectionSchedulerImpl_Factory [as factory] (chunk-5BCDSRZK.js:25861:16)
	    at http://localhost:9876/k8-fastbuild-ST-199a4f3c4e20/bin/packages/core/src/di/r3_injector.ts:529:35
	    at runInInjectorProfilerContext (http://localhost:9876/k8-fastbuild-ST-199a4f3c4e20/bin/packages/core/src/render3/debug/injector_profiler.ts:362:5)
	    at R3Injector.hydrate (http://localhost:9876/k8-fastbuild-ST-199a4f3c4e20/bin/packages/core/src/di/r3_injector.ts:527:11)
	    at R3Injector.get (http://localhost:9876/k8-fastbuild-ST-199a4f3c4e20/bin/packages/core/src/di/r3_injector.ts:368:23)
	    at R3Injector.retrieve (http://localhost:9876/k8-fastbuild-ST-199a4f3c4e20/bin/packages/core/src/di/r3_injector.ts:248:52)
	    at injectInjectorOnly (http://localhost:9876/k8-fastbuild-ST-199a4f3c4e20/bin/packages/core/src/di/injector_compatibility.ts:110:35)
	    at ╔Á╔Áinject (http://localhost:9876/k8-fastbuild-ST-199a4f3c4e20/bin/packages/core/src/di/injector_compatibility.ts:144:40)
	    at Object.factory (http://localhost:9876/k8-fastbuild-ST-199a4f3c4e20/bin/packages/core/src/di/r3_injector.ts:653:9)
Chrome Headless 144.0.0.0 (Windows 10): Executed 52 of 168[31m (48 FAILED)[39m (0 secs / 0.359 secs)
[1A[2K[31mChrome Headless 144.0.0.0 (Windows 10) PwaService isInstalled should check if app is running as PWA FAILED[39m
	TypeError: Cannot read properties of undefined (reading 'subscribe')
	    at new _ChangeDetectionSchedulerImpl (http://localhost:9876/k8-fastbuild-ST-199a4f3c4e20/bin/packages/core/src/change_detection/scheduling/zoneless_scheduling_impl.ts:87:29)
	    at Object.ChangeDetectionSchedulerImpl_Factory [as factory] (chunk-5BCDSRZK.js:25861:16)
	    at http://localhost:9876/k8-fastbuild-ST-199a4f3c4e20/bin/packages/core/src/di/r3_injector.ts:529:35
	    at runInInjectorProfilerContext (http://localhost:9876/k8-fastbuild-ST-199a4f3c4e20/bin/packages/core/src/render3/debug/injector_profiler.ts:362:5)
	    at R3Injector.hydrate (http://localhost:9876/k8-fastbuild-ST-199a4f3c4e20/bin/packages/core/src/di/r3_injector.ts:527:11)
	    at R3Injector.get (http://localhost:9876/k8-fastbuild-ST-199a4f3c4e20/bin/packages/core/src/di/r3_injector.ts:368:23)
	    at R3Injector.retrieve (http://localhost:9876/k8-fastbuild-ST-199a4f3c4e20/bin/packages/core/src/di/r3_injector.ts:248:52)
	    at injectInjectorOnly (http://localhost:9876/k8-fastbuild-ST-199a4f3c4e20/bin/packages/core/src/di/injector_compatibility.ts:110:35)
	    at ╔Á╔Áinject (http://localhost:9876/k8-fastbuild-ST-199a4f3c4e20/bin/packages/core/src/di/injector_compatibility.ts:144:40)
	    at Object.factory (http://localhost:9876/k8-fastbuild-ST-199a4f3c4e20/bin/packages/core/src/di/r3_injector.ts:653:9)
Chrome Headless 144.0.0.0 (Windows 10): Executed 53 of 168[31m (49 FAILED)[39m (0 secs / 0.359 secs)
[1A[2KChrome Headless 144.0.0.0 (Windows 10): Executed 54 of 168[31m (49 FAILED)[39m (0 secs / 0.361 secs)
[1A[2KChrome Headless 144.0.0.0 (Windows 10): Executed 55 of 168[31m (49 FAILED)[39m (0 secs / 0.362 secs)
[1A[2KChrome Headless 144.0.0.0 (Windows 10): Executed 56 of 168[31m (49 FAILED)[39m (0 secs / 0.362 secs)
[1A[2KChrome Headless 144.0.0.0 (Windows 10): Executed 57 of 168[31m (49 FAILED)[39m (0 secs / 0.362 secs)
[1A[2KChrome Headless 144.0.0.0 (Windows 10): Executed 58 of 168[31m (49 FAILED)[39m (0 secs / 0.362 secs)
[1A[2KChrome Headless 144.0.0.0 (Windows 10): Executed 59 of 168[31m (49 FAILED)[39m (0 secs / 0.362 secs)
[1A[2KChrome Headless 144.0.0.0 (Windows 10): Executed 60 of 168[31m (49 FAILED)[39m (0 secs / 0.362 secs)
[1A[2KChrome Headless 144.0.0.0 (Windows 10): Executed 61 of 168[31m (49 FAILED)[39m (0 secs / 0.362 secs)
[1A[2KChrome Headless 144.0.0.0 (Windows 10): Executed 62 of 168[31m (49 FAILED)[39m (0 secs / 0.362 secs)
[1A[2KChrome Headless 144.0.0.0 (Windows 10): Executed 63 of 168[31m (49 FAILED)[39m (0 secs / 0.362 secs)
[1A[2KChrome Headless 144.0.0.0 (Windows 10): Executed 64 of 168[31m (49 FAILED)[39m (0 secs / 0.362 secs)
[1A[2KChrome Headless 144.0.0.0 (Windows 10): Executed 65 of 168[31m (49 FAILED)[39m (0 secs / 0.362 secs)
[1A[2KChrome Headless 144.0.0.0 (Windows 10): Executed 66 of 168[31m (49 FAILED)[39m (0 secs / 0.362 secs)
[1A[2KChrome Headless 144.0.0.0 (Windows 10): Executed 67 of 168[31m (49 FAILED)[39m (0 secs / 0.362 secs)
[1A[2KChrome Headless 144.0.0.0 (Windows 10): Executed 68 of 168[31m (49 FAILED)[39m (0 secs / 0.362 secs)
[1A[2KChrome Headless 144.0.0.0 (Windows 10): Executed 69 of 168[31m (49 FAILED)[39m (0 secs / 0.362 secs)
[1A[2KChrome Headless 144.0.0.0 (Windows 10): Executed 70 of 168[31m (49 FAILED)[39m (0 secs / 0.362 secs)
[1A[2KChrome Headless 144.0.0.0 (Windows 10): Executed 71 of 168[31m (49 FAILED)[39m (0 secs / 0.362 secs)
[1A[2KChrome Headless 144.0.0.0 (Windows 10): Executed 72 of 168[31m (49 FAILED)[39m (0 secs / 0.362 secs)
[1A[2KChrome Headless 144.0.0.0 (Windows 10): Executed 73 of 168[31m (49 FAILED)[39m (0 secs / 0.362 secs)
[1A[2KChrome Headless 144.0.0.0 (Windows 10): Executed 74 of 168[31m (49 FAILED)[39m (0 secs / 0.362 secs)
[1A[2KChrome Headless 144.0.0.0 (Windows 10): Executed 75 of 168[31m (49 FAILED)[39m (0 secs / 0.362 secs)
[1A[2KChrome Headless 144.0.0.0 (Windows 10): Executed 76 of 168[31m (49 FAILED)[39m (0 secs / 0.362 secs)
[1A[2KChrome Headless 144.0.0.0 (Windows 10): Executed 77 of 168[31m (49 FAILED)[39m (0 secs / 0.362 secs)
[1A[2KChrome Headless 144.0.0.0 (Windows 10): Executed 78 of 168[31m (49 FAILED)[39m (0 secs / 0.362 secs)
[1A[2KChrome Headless 144.0.0.0 (Windows 10): Executed 79 of 168[31m (49 FAILED)[39m (0 secs / 0.362 secs)
[1A[2KChrome Headless 144.0.0.0 (Windows 10): Executed 80 of 168[31m (49 FAILED)[39m (0 secs / 0.362 secs)
[1A[2KChrome Headless 144.0.0.0 (Windows 10): Executed 81 of 168[31m (49 FAILED)[39m (0 secs / 0.362 secs)
[1A[2KChrome Headless 144.0.0.0 (Windows 10): Executed 82 of 168[31m (49 FAILED)[39m (0 secs / 0.362 secs)
[1A[2KChrome Headless 144.0.0.0 (Windows 10): Executed 83 of 168[31m (49 FAILED)[39m (0 secs / 0.362 secs)
[1A[2KChrome Headless 144.0.0.0 (Windows 10): Executed 84 of 168[31m (49 FAILED)[39m (0 secs / 0.362 secs)
[1A[2KChrome Headless 144.0.0.0 (Windows 10): Executed 85 of 168[31m (49 FAILED)[39m (0 secs / 0.362 secs)
[1A[2KChrome Headless 144.0.0.0 (Windows 10): Executed 86 of 168[31m (49 FAILED)[39m (0 secs / 0.369 secs)
[1A[2KChrome Headless 144.0.0.0 (Windows 10): Executed 87 of 168[31m (49 FAILED)[39m (0 secs / 0.375 secs)
[1A[2KChrome Headless 144.0.0.0 (Windows 10): Executed 88 of 168[31m (49 FAILED)[39m (0 secs / 0.376 secs)
[1A[2KChrome Headless 144.0.0.0 (Windows 10): Executed 89 of 168[31m (49 FAILED)[39m (0 secs / 0.377 secs)
[1A[2KChrome Headless 144.0.0.0 (Windows 10): Executed 90 of 168[31m (49 FAILED)[39m (0 secs / 0.379 secs)
[1A[2KWARN: [36m'GoTrueClient@remindme-auth-token:1 (2.83.0) 2026-01-30T09:59:07.370Z Multiple GoTrueClient instances detected in the same browser context. It is not an error, but this should be avoided as it may produce undefined behavior when used concurrently under the same storage key.'[39m
Chrome Headless 144.0.0.0 (Windows 10): Executed 90 of 168[31m (49 FAILED)[39m (0 secs / 0.379 secs)
WARN: 'GoTrueClient@remindme-auth-token:1 (2.83.0) 2026-01-30T09:59:07.370Z Multiple GoTrueClient instances detected in the same browser context. It is not an error, but this should be avoided as it may produce undefined behavior when used concurrently under the same storage key.'
[1A[2KChrome Headless 144.0.0.0 (Windows 10): Executed 91 of 168[31m (49 FAILED)[39m (0 secs / 0.38 secs)
[1A[2KWARN: [36m'GoTrueClient@remindme-auth-token:2 (2.83.0) 2026-01-30T09:59:07.371Z Multiple GoTrueClient instances detected in the same browser context. It is not an error, but this should be avoided as it may produce undefined behavior when used concurrently under the same storage key.'[39m
Chrome Headless 144.0.0.0 (Windows 10): Executed 91 of 168[31m (49 FAILED)[39m (0 secs / 0.38 secs)
WARN: 'GoTrueClient@remindme-auth-token:2 (2.83.0) 2026-01-30T09:59:07.371Z Multiple GoTrueClient instances detected in the same browser context. It is not an error, but this should be avoided as it may produce undefined behavior when used concurrently under the same storage key.'
[1A[2KChrome Headless 144.0.0.0 (Windows 10): Executed 92 of 168[31m (49 FAILED)[39m (0 secs / 0.381 secs)
[1A[2KWARN: [36m'GoTrueClient@remindme-auth-token:3 (2.83.0) 2026-01-30T09:59:07.372Z Multiple GoTrueClient instances detected in the same browser context. It is not an error, but this should be avoided as it may produce undefined behavior when used concurrently under the same storage key.'[39m
Chrome Headless 144.0.0.0 (Windows 10): Executed 92 of 168[31m (49 FAILED)[39m (0 secs / 0.381 secs)
WARN: 'GoTrueClient@remindme-auth-token:3 (2.83.0) 2026-01-30T09:59:07.372Z Multiple GoTrueClient instances detected in the same browser context. It is not an error, but this should be avoided as it may produce undefined behavior when used concurrently under the same storage key.'
[1A[2KChrome Headless 144.0.0.0 (Windows 10): Executed 93 of 168[31m (49 FAILED)[39m (0 secs / 0.382 secs)
[1A[2KWARN: [36m'GoTrueClient@remindme-auth-token:4 (2.83.0) 2026-01-30T09:59:07.373Z Multiple GoTrueClient instances detected in the same browser context. It is not an error, but this should be avoided as it may produce undefined behavior when used concurrently under the same storage key.'[39m
Chrome Headless 144.0.0.0 (Windows 10): Executed 93 of 168[31m (49 FAILED)[39m (0 secs / 0.382 secs)
WARN: 'GoTrueClient@remindme-auth-token:4 (2.83.0) 2026-01-30T09:59:07.373Z Multiple GoTrueClient instances detected in the same browser context. It is not an error, but this should be avoided as it may produce undefined behavior when used concurrently under the same storage key.'
[1A[2KChrome Headless 144.0.0.0 (Windows 10): Executed 94 of 168[31m (49 FAILED)[39m (0 secs / 0.383 secs)
[1A[2KWARN: [36m'GoTrueClient@remindme-auth-token:5 (2.83.0) 2026-01-30T09:59:07.374Z Multiple GoTrueClient instances detected in the same browser context. It is not an error, but this should be avoided as it may produce undefined behavior when used concurrently under the same storage key.'[39m
Chrome Headless 144.0.0.0 (Windows 10): Executed 94 of 168[31m (49 FAILED)[39m (0 secs / 0.383 secs)
WARN: 'GoTrueClient@remindme-auth-token:5 (2.83.0) 2026-01-30T09:59:07.374Z Multiple GoTrueClient instances detected in the same browser context. It is not an error, but this should be avoided as it may produce undefined behavior when used concurrently under the same storage key.'
[1A[2KChrome Headless 144.0.0.0 (Windows 10): Executed 95 of 168[31m (49 FAILED)[39m (0 secs / 0.384 secs)
[1A[2KWARN: [36m'GoTrueClient@remindme-auth-token:6 (2.83.0) 2026-01-30T09:59:07.375Z Multiple GoTrueClient instances detected in the same browser context. It is not an error, but this should be avoided as it may produce undefined behavior when used concurrently under the same storage key.'[39m
Chrome Headless 144.0.0.0 (Windows 10): Executed 95 of 168[31m (49 FAILED)[39m (0 secs / 0.384 secs)
WARN: 'GoTrueClient@remindme-auth-token:6 (2.83.0) 2026-01-30T09:59:07.375Z Multiple GoTrueClient instances detected in the same browser context. It is not an error, but this should be avoided as it may produce undefined behavior when used concurrently under the same storage key.'
[1A[2KChrome Headless 144.0.0.0 (Windows 10): Executed 96 of 168[31m (49 FAILED)[39m (0 secs / 0.385 secs)
[1A[2KWARN: [36m'GoTrueClient@remindme-auth-token:7 (2.83.0) 2026-01-30T09:59:07.375Z Multiple GoTrueClient instances detected in the same browser context. It is not an error, but this should be avoided as it may produce undefined behavior when used concurrently under the same storage key.'[39m
Chrome Headless 144.0.0.0 (Windows 10): Executed 96 of 168[31m (49 FAILED)[39m (0 secs / 0.385 secs)
WARN: 'GoTrueClient@remindme-auth-token:7 (2.83.0) 2026-01-30T09:59:07.375Z Multiple GoTrueClient instances detected in the same browser context. It is not an error, but this should be avoided as it may produce undefined behavior when used concurrently under the same storage key.'
[1A[2KChrome Headless 144.0.0.0 (Windows 10): Executed 97 of 168[31m (49 FAILED)[39m (0 secs / 0.386 secs)
[1A[2KWARN: [36m'GoTrueClient@remindme-auth-token:8 (2.83.0) 2026-01-30T09:59:07.376Z Multiple GoTrueClient instances detected in the same browser context. It is not an error, but this should be avoided as it may produce undefined behavior when used concurrently under the same storage key.'[39m
Chrome Headless 144.0.0.0 (Windows 10): Executed 97 of 168[31m (49 FAILED)[39m (0 secs / 0.386 secs)
WARN: 'GoTrueClient@remindme-auth-token:8 (2.83.0) 2026-01-30T09:59:07.376Z Multiple GoTrueClient instances detected in the same browser context. It is not an error, but this should be avoided as it may produce undefined behavior when used concurrently under the same storage key.'
[1A[2KChrome Headless 144.0.0.0 (Windows 10): Executed 98 of 168[31m (49 FAILED)[39m (0 secs / 0.387 secs)
[1A[2KWARN: [36m'GoTrueClient@remindme-auth-token:9 (2.83.0) 2026-01-30T09:59:07.377Z Multiple GoTrueClient instances detected in the same browser context. It is not an error, but this should be avoided as it may produce undefined behavior when used concurrently under the same storage key.'[39m
Chrome Headless 144.0.0.0 (Windows 10): Executed 98 of 168[31m (49 FAILED)[39m (0 secs / 0.387 secs)
WARN: 'GoTrueClient@remindme-auth-token:9 (2.83.0) 2026-01-30T09:59:07.377Z Multiple GoTrueClient instances detected in the same browser context. It is not an error, but this should be avoided as it may produce undefined behavior when used concurrently under the same storage key.'
[1A[2KChrome Headless 144.0.0.0 (Windows 10): Executed 99 of 168[31m (49 FAILED)[39m (0 secs / 0.388 secs)
[1A[2KWARN: [36m'GoTrueClient@remindme-auth-token:10 (2.83.0) 2026-01-30T09:59:07.378Z Multiple GoTrueClient instances detected in the same browser context. It is not an error, but this should be avoided as it may produce undefined behavior when used concurrently under the same storage key.'[39m
Chrome Headless 144.0.0.0 (Windows 10): Executed 99 of 168[31m (49 FAILED)[39m (0 secs / 0.388 secs)
WARN: 'GoTrueClient@remindme-auth-token:10 (2.83.0) 2026-01-30T09:59:07.378Z Multiple GoTrueClient instances detected in the same browser context. It is not an error, but this should be avoided as it may produce undefined behavior when used concurrently under the same storage key.'
[1A[2KChrome Headless 144.0.0.0 (Windows 10): Executed 100 of 168[31m (49 FAILED)[39m (0 secs / 0.389 secs)
[1A[2KChrome Headless 144.0.0.0 (Windows 10): Executed 101 of 168[31m (49 FAILED)[39m (0 secs / 0.39 secs)
[1A[2KChrome Headless 144.0.0.0 (Windows 10): Executed 102 of 168[31m (49 FAILED)[39m (0 secs / 0.391 secs)
[1A[2KChrome Headless 144.0.0.0 (Windows 10): Executed 103 of 168[31m (49 FAILED)[39m (0 secs / 0.391 secs)
[1A[2KChrome Headless 144.0.0.0 (Windows 10): Executed 104 of 168[31m (49 FAILED)[39m (0 secs / 0.391 secs)
[1A[2KChrome Headless 144.0.0.0 (Windows 10): Executed 105 of 168[31m (49 FAILED)[39m (0 secs / 0.392 secs)
[1A[2KChrome Headless 144.0.0.0 (Windows 10): Executed 106 of 168[31m (49 FAILED)[39m (0 secs / 0.392 secs)
[1A[2KChrome Headless 144.0.0.0 (Windows 10): Executed 107 of 168[31m (49 FAILED)[39m (0 secs / 0.393 secs)
[1A[2KChrome Headless 144.0.0.0 (Windows 10): Executed 108 of 168[31m (49 FAILED)[39m (0 secs / 0.393 secs)
[1A[2KChrome Headless 144.0.0.0 (Windows 10): Executed 109 of 168[31m (49 FAILED)[39m (0 secs / 0.393 secs)
[1A[2KChrome Headless 144.0.0.0 (Windows 10): Executed 110 of 168[31m (49 FAILED)[39m (0 secs / 0.394 secs)
[1A[2KChrome Headless 144.0.0.0 (Windows 10): Executed 111 of 168[31m (49 FAILED)[39m (0 secs / 0.394 secs)
[1A[2KChrome Headless 144.0.0.0 (Windows 10): Executed 112 of 168[31m (49 FAILED)[39m (0 secs / 0.395 secs)
[1A[2KChrome Headless 144.0.0.0 (Windows 10): Executed 113 of 168[31m (49 FAILED)[39m (0 secs / 0.4 secs)
[1A[2KChrome Headless 144.0.0.0 (Windows 10): Executed 114 of 168[31m (49 FAILED)[39m (0 secs / 0.401 secs)
[1A[2KChrome Headless 144.0.0.0 (Windows 10): Executed 115 of 168[31m (49 FAILED)[39m (0 secs / 0.402 secs)
[1A[2KChrome Headless 144.0.0.0 (Windows 10): Executed 116 of 168[31m (49 FAILED)[39m (0 secs / 0.403 secs)
[1A[2KChrome Headless 144.0.0.0 (Windows 10): Executed 117 of 168[31m (49 FAILED)[39m (0 secs / 0.403 secs)
[1A[2KChrome Headless 144.0.0.0 (Windows 10): Executed 118 of 168[31m (49 FAILED)[39m (0 secs / 0.404 secs)
[1A[2KChrome Headless 144.0.0.0 (Windows 10): Executed 119 of 168[31m (49 FAILED)[39m (0 secs / 0.405 secs)
[1A[2KChrome Headless 144.0.0.0 (Windows 10): Executed 120 of 168[31m (49 FAILED)[39m (0 secs / 0.406 secs)
[1A[2KChrome Headless 144.0.0.0 (Windows 10): Executed 121 of 168[31m (49 FAILED)[39m (0 secs / 0.407 secs)
[1A[2KChrome Headless 144.0.0.0 (Windows 10): Executed 122 of 168[31m (49 FAILED)[39m (0 secs / 0.408 secs)
[1A[2KChrome Headless 144.0.0.0 (Windows 10): Executed 123 of 168[31m (49 FAILED)[39m (0 secs / 0.408 secs)
[1A[2KChrome Headless 144.0.0.0 (Windows 10): Executed 124 of 168[31m (49 FAILED)[39m (0 secs / 0.409 secs)
[1A[2KChrome Headless 144.0.0.0 (Windows 10): Executed 125 of 168[31m (49 FAILED)[39m (0 secs / 0.41 secs)
[1A[2KChrome Headless 144.0.0.0 (Windows 10): Executed 126 of 168[31m (49 FAILED)[39m (0 secs / 0.412 secs)
[1A[2KChrome Headless 144.0.0.0 (Windows 10): Executed 127 of 168[31m (49 FAILED)[39m (0 secs / 0.413 secs)
[1A[2KLOG: [36m'Monitoreo de tiempo iniciado (intervalo: 30000ms)'[39m
Chrome Headless 144.0.0.0 (Windows 10): Executed 127 of 168[31m (49 FAILED)[39m (0 secs / 0.413 secs)
LOG: 'Monitoreo de tiempo iniciado (intervalo: 30000ms)'
[1A[2KLOG: [36m'Monitoreo de ubicaci├│n y tiempo iniciado'[39m
Chrome Headless 144.0.0.0 (Windows 10): Executed 127 of 168[31m (49 FAILED)[39m (0 secs / 0.413 secs)
LOG: 'Monitoreo de ubicaci├│n y tiempo iniciado'
[1A[2KChrome Headless 144.0.0.0 (Windows 10): Executed 128 of 168[31m (49 FAILED)[39m (0 secs / 0.414 secs)
[1A[2KLOG: [36m'Monitoreo de ubicaci├│n y tiempo detenido'[39m
Chrome Headless 144.0.0.0 (Windows 10): Executed 128 of 168[31m (49 FAILED)[39m (0 secs / 0.414 secs)
LOG: 'Monitoreo de ubicaci├│n y tiempo detenido'
[1A[2KChrome Headless 144.0.0.0 (Windows 10): Executed 129 of 168[31m (49 FAILED)[39m (0 secs / 0.415 secs)
[1A[2KChrome Headless 144.0.0.0 (Windows 10): Executed 130 of 168[31m (49 FAILED)[39m (0 secs / 0.416 secs)
[1A[2KChrome Headless 144.0.0.0 (Windows 10): Executed 131 of 168[31m (49 FAILED)[39m (0 secs / 0.416 secs)
[1A[2KChrome Headless 144.0.0.0 (Windows 10): Executed 132 of 168[31m (49 FAILED)[39m (0 secs / 0.416 secs)
[1A[2KChrome Headless 144.0.0.0 (Windows 10): Executed 133 of 168[31m (49 FAILED)[39m (0 secs / 0.417 secs)
[1A[2KWARN: [36m'Spec 'authGuard should allow access when user is authenticated' has no expectations.'[39m
Chrome Headless 144.0.0.0 (Windows 10): Executed 133 of 168[31m (49 FAILED)[39m (0 secs / 0.417 secs)
WARN: 'Spec 'authGuard should allow access when user is authenticated' has no expectations.'
[1A[2KChrome Headless 144.0.0.0 (Windows 10): Executed 134 of 168[31m (49 FAILED)[39m (0 secs / 0.418 secs)
[1A[2KWARN: [36m'Spec 'authGuard should redirect to login when user is not authenticated' has no expectations.'[39m
Chrome Headless 144.0.0.0 (Windows 10): Executed 134 of 168[31m (49 FAILED)[39m (0 secs / 0.418 secs)
WARN: 'Spec 'authGuard should redirect to login when user is not authenticated' has no expectations.'
[1A[2KChrome Headless 144.0.0.0 (Windows 10): Executed 135 of 168[31m (49 FAILED)[39m (0 secs / 0.419 secs)
[1A[2KChrome Headless 144.0.0.0 (Windows 10): Executed 136 of 168[31m (49 FAILED)[39m (0 secs / 0.419 secs)
[1A[2KChrome Headless 144.0.0.0 (Windows 10): Executed 137 of 168[31m (49 FAILED)[39m (0 secs / 0.419 secs)
[1A[2KChrome Headless 144.0.0.0 (Windows 10): Executed 138 of 168[31m (49 FAILED)[39m (0 secs / 0.42 secs)
[1A[2KChrome Headless 144.0.0.0 (Windows 10): Executed 139 of 168[31m (49 FAILED)[39m (0 secs / 0.421 secs)
[1A[2KLOG: [36m'Ô£à Recordatorio actualizado en Supabase:', Object{id: '1', user_id: 'user1', title: 'Test', description: 'Test', category_id: 'cat1', latitude: 0, longitude: 0, location_name: 'Test', location_address: 'Test', radius_meters: 500, is_completed: true, notification_enabled: false, created_at: '2026-01-30T09:59:07.419Z', updated_at: '2026-01-30T09:59:07.419Z'}[39m
Chrome Headless 144.0.0.0 (Windows 10): Executed 139 of 168[31m (49 FAILED)[39m (0 secs / 0.421 secs)
LOG: 'Ô£à Recordatorio actualizado en Supabase:', Object{id: '1', user_id: 'user1', title: 'Test', description: 'Test', category_id: 'cat1', latitude: 0, longitude: 0, location_name: 'Test', location_address: 'Test', radius_meters: 500, is_completed: true, notification_enabled: false, created_at: '2026-01-30T09:59:07.419Z', updated_at: '2026-01-30T09:59:07.419Z'}
[1A[2KChrome Headless 144.0.0.0 (Windows 10): Executed 140 of 168[31m (49 FAILED)[39m (0 secs / 0.422 secs)
[1A[2KChrome Headless 144.0.0.0 (Windows 10): Executed 141 of 168[31m (49 FAILED)[39m (0 secs / 0.423 secs)
[1A[2KLOG: [36m'Ô£à Recordatorio actualizado en Supabase:', Object{id: '1', userId: 'user1', title: 'Test Reminder', description: 'Test Description', category: 'cat1', location: Object{latitude: 40.7128, longitude: -74.006, name: 'New York', address: 'NY'}, radius: 500, completed: false, createdAt: Fri Jan 30 2026 04:59:06 GMT-0500 (hora de Ecuador), updatedAt: Fri Jan 30 2026 04:59:06 GMT-0500 (hora de Ecuador), notified: false}[39m
Chrome Headless 144.0.0.0 (Windows 10): Executed 141 of 168[31m (49 FAILED)[39m (0 secs / 0.423 secs)
LOG: 'Ô£à Recordatorio actualizado en Supabase:', Object{id: '1', userId: 'user1', title: 'Test Reminder', description: 'Test Description', category: 'cat1', location: Object{latitude: 40.7128, longitude: -74.006, name: 'New York', address: 'NY'}, radius: 500, completed: false, createdAt: Fri Jan 30 2026 04:59:06 GMT-0500 (hora de Ecuador), updatedAt: Fri Jan 30 2026 04:59:06 GMT-0500 (hora de Ecuador), notified: false}
[1A[2KChrome Headless 144.0.0.0 (Windows 10): Executed 142 of 168[31m (49 FAILED)[39m (0 secs / 0.424 secs)
[1A[2KChrome Headless 144.0.0.0 (Windows 10): Executed 143 of 168[31m (49 FAILED)[39m (0 secs / 0.425 secs)
[1A[2KChrome Headless 144.0.0.0 (Windows 10): Executed 144 of 168[31m (49 FAILED)[39m (0 secs / 0.426 secs)
[1A[2KChrome Headless 144.0.0.0 (Windows 10): Executed 145 of 168[31m (49 FAILED)[39m (0 secs / 0.426 secs)
[1A[2KChrome Headless 144.0.0.0 (Windows 10): Executed 146 of 168[31m (49 FAILED)[39m (0 secs / 0.427 secs)
[1A[2KChrome Headless 144.0.0.0 (Windows 10): Executed 147 of 168[31m (49 FAILED)[39m (0 secs / 0.428 secs)
[1A[2KChrome Headless 144.0.0.0 (Windows 10): Executed 148 of 168[31m (49 FAILED)[39m (0 secs / 0.428 secs)
[1A[2KLOG: [36m'­ƒùæ´©Å Recordatorio 1 eliminado y estado local actualizado.'[39m
Chrome Headless 144.0.0.0 (Windows 10): Executed 148 of 168[31m (49 FAILED)[39m (0 secs / 0.428 secs)
LOG: '­ƒùæ´©Å Recordatorio 1 eliminado y estado local actualizado.'
[1A[2KChrome Headless 144.0.0.0 (Windows 10): Executed 149 of 168[31m (49 FAILED)[39m (0 secs / 0.429 secs)
[1A[2KLOG: [36m'Ô£à Recordatorio actualizado en Supabase:', Object{id: '1', user_id: 'user1', title: 'Updated Title', description: 'Test', category_id: 'cat1', latitude: 0, longitude: 0, location_name: 'Test', location_address: 'Test', radius_meters: 500, is_completed: false, notification_enabled: false, created_at: '2026-01-30T09:59:07.428Z', updated_at: '2026-01-30T09:59:07.428Z'}[39m
Chrome Headless 144.0.0.0 (Windows 10): Executed 149 of 168[31m (49 FAILED)[39m (0 secs / 0.429 secs)
LOG: 'Ô£à Recordatorio actualizado en Supabase:', Object{id: '1', user_id: 'user1', title: 'Updated Title', description: 'Test', category_id: 'cat1', latitude: 0, longitude: 0, location_name: 'Test', location_address: 'Test', radius_meters: 500, is_completed: false, notification_enabled: false, created_at: '2026-01-30T09:59:07.428Z', updated_at: '2026-01-30T09:59:07.428Z'}
[1A[2KChrome Headless 144.0.0.0 (Windows 10): Executed 150 of 168[31m (49 FAILED)[39m (0 secs / 0.43 secs)
[1A[2KLOG: [36m'Ô£à Recordatorio creado en Supabase:', Object{id: 'new-id', user_id: 'user1', title: 'New Reminder', description: 'New Description', category_id: 'cat1', latitude: 0, longitude: 0, location_name: 'Test', location_address: 'Test', radius_meters: 500, is_completed: false, notification_enabled: false, created_at: '2026-01-30T09:59:07.429Z', updated_at: '2026-01-30T09:59:07.429Z'}[39m
Chrome Headless 144.0.0.0 (Windows 10): Executed 150 of 168[31m (49 FAILED)[39m (0 secs / 0.43 secs)
LOG: 'Ô£à Recordatorio creado en Supabase:', Object{id: 'new-id', user_id: 'user1', title: 'New Reminder', description: 'New Description', category_id: 'cat1', latitude: 0, longitude: 0, location_name: 'Test', location_address: 'Test', radius_meters: 500, is_completed: false, notification_enabled: false, created_at: '2026-01-30T09:59:07.429Z', updated_at: '2026-01-30T09:59:07.429Z'}
[1A[2KChrome Headless 144.0.0.0 (Windows 10): Executed 151 of 168[31m (49 FAILED)[39m (0 secs / 0.431 secs)
[1A[2KChrome Headless 144.0.0.0 (Windows 10): Executed 152 of 168[31m (49 FAILED)[39m (0 secs / 0.432 secs)
[1A[2KChrome Headless 144.0.0.0 (Windows 10): Executed 153 of 168[31m (49 FAILED)[39m (0 secs / 0.432 secs)
[1A[2K[31mChrome Headless 144.0.0.0 (Windows 10) LoginComponent should show error message on failed login FAILED[39m
	TypeError: this.router.serializeUrl is not a function
	    at _RouterLink.updateHref (http://localhost:9876/k8-fastbuild-ST-199a4f3c4e20/bin/packages/router/src/directives/router_link.ts:434:66)
	    at _RouterLink.ngOnChanges (http://localhost:9876/k8-fastbuild-ST-199a4f3c4e20/bin/packages/router/src/directives/router_link.ts:341:12)
	    at _RouterLink.rememberChangeHistoryAndInvokeOnChangesHook (http://localhost:9876/k8-fastbuild-ST-199a4f3c4e20/bin/packages/core/src/render3/features/ng_onchanges_feature.ts:83:10)
	    at callHookInternal (http://localhost:9876/k8-fastbuild-ST-199a4f3c4e20/bin/packages/core/src/render3/hooks.ts:290:10)
	    at callHook (http://localhost:9876/k8-fastbuild-ST-199a4f3c4e20/bin/packages/core/src/render3/hooks.ts:322:5)
	    at callHooks (http://localhost:9876/k8-fastbuild-ST-199a4f3c4e20/bin/packages/core/src/render3/hooks.ts:270:9)
	    at executeInitAndCheckHooks (http://localhost:9876/k8-fastbuild-ST-199a4f3c4e20/bin/packages/core/src/render3/hooks.ts:205:5)
	    at refreshView (http://localhost:9876/k8-fastbuild-ST-199a4f3c4e20/bin/packages/core/src/render3/instructions/change_detection.ts:249:11)
	    at detectChangesInView (http://localhost:9876/k8-fastbuild-ST-199a4f3c4e20/bin/packages/core/src/render3/instructions/change_detection.ts:495:5)
	    at detectChangesInViewIfAttached (http://localhost:9876/k8-fastbuild-ST-199a4f3c4e20/bin/packages/core/src/render3/instructions/change_detection.ts:443:3)
Chrome Headless 144.0.0.0 (Windows 10): Executed 154 of 168[31m (50 FAILED)[39m (0 secs / 0.442 secs)
[1A[2K[31mChrome Headless 144.0.0.0 (Windows 10) LoginComponent should navigate to reminders on successful login FAILED[39m
	TypeError: this.router.serializeUrl is not a function
	    at _RouterLink.updateHref (http://localhost:9876/k8-fastbuild-ST-199a4f3c4e20/bin/packages/router/src/directives/router_link.ts:434:66)
	    at _RouterLink.ngOnChanges (http://localhost:9876/k8-fastbuild-ST-199a4f3c4e20/bin/packages/router/src/directives/router_link.ts:341:12)
	    at _RouterLink.rememberChangeHistoryAndInvokeOnChangesHook (http://localhost:9876/k8-fastbuild-ST-199a4f3c4e20/bin/packages/core/src/render3/features/ng_onchanges_feature.ts:83:10)
	    at callHookInternal (http://localhost:9876/k8-fastbuild-ST-199a4f3c4e20/bin/packages/core/src/render3/hooks.ts:290:10)
	    at callHook (http://localhost:9876/k8-fastbuild-ST-199a4f3c4e20/bin/packages/core/src/render3/hooks.ts:322:5)
	    at callHooks (http://localhost:9876/k8-fastbuild-ST-199a4f3c4e20/bin/packages/core/src/render3/hooks.ts:270:9)
	    at executeInitAndCheckHooks (http://localhost:9876/k8-fastbuild-ST-199a4f3c4e20/bin/packages/core/src/render3/hooks.ts:205:5)
	    at refreshView (http://localhost:9876/k8-fastbuild-ST-199a4f3c4e20/bin/packages/core/src/render3/instructions/change_detection.ts:249:11)
	    at detectChangesInView (http://localhost:9876/k8-fastbuild-ST-199a4f3c4e20/bin/packages/core/src/render3/instructions/change_detection.ts:495:5)
	    at detectChangesInViewIfAttached (http://localhost:9876/k8-fastbuild-ST-199a4f3c4e20/bin/packages/core/src/render3/instructions/change_detection.ts:443:3)
Chrome Headless 144.0.0.0 (Windows 10): Executed 155 of 168[31m (51 FAILED)[39m (0 secs / 0.447 secs)
[1A[2K[31mChrome Headless 144.0.0.0 (Windows 10) LoginComponent should call signIn on valid form submit FAILED[39m
	TypeError: this.router.serializeUrl is not a function
	    at _RouterLink.updateHref (http://localhost:9876/k8-fastbuild-ST-199a4f3c4e20/bin/packages/router/src/directives/router_link.ts:434:66)
	    at _RouterLink.ngOnChanges (http://localhost:9876/k8-fastbuild-ST-199a4f3c4e20/bin/packages/router/src/directives/router_link.ts:341:12)
	    at _RouterLink.rememberChangeHistoryAndInvokeOnChangesHook (http://localhost:9876/k8-fastbuild-ST-199a4f3c4e20/bin/packages/core/src/render3/features/ng_onchanges_feature.ts:83:10)
	    at callHookInternal (http://localhost:9876/k8-fastbuild-ST-199a4f3c4e20/bin/packages/core/src/render3/hooks.ts:290:10)
	    at callHook (http://localhost:9876/k8-fastbuild-ST-199a4f3c4e20/bin/packages/core/src/render3/hooks.ts:322:5)
	    at callHooks (http://localhost:9876/k8-fastbuild-ST-199a4f3c4e20/bin/packages/core/src/render3/hooks.ts:270:9)
	    at executeInitAndCheckHooks (http://localhost:9876/k8-fastbuild-ST-199a4f3c4e20/bin/packages/core/src/render3/hooks.ts:205:5)
	    at refreshView (http://localhost:9876/k8-fastbuild-ST-199a4f3c4e20/bin/packages/core/src/render3/instructions/change_detection.ts:249:11)
	    at detectChangesInView (http://localhost:9876/k8-fastbuild-ST-199a4f3c4e20/bin/packages/core/src/render3/instructions/change_detection.ts:495:5)
	    at detectChangesInViewIfAttached (http://localhost:9876/k8-fastbuild-ST-199a4f3c4e20/bin/packages/core/src/render3/instructions/change_detection.ts:443:3)
Chrome Headless 144.0.0.0 (Windows 10): Executed 156 of 168[31m (52 FAILED)[39m (0 secs / 0.449 secs)
[1A[2K[31mChrome Headless 144.0.0.0 (Windows 10) LoginComponent should redirect to reminders if user is already authenticated FAILED[39m
	TypeError: this.router.serializeUrl is not a function
	    at _RouterLink.updateHref (http://localhost:9876/k8-fastbuild-ST-199a4f3c4e20/bin/packages/router/src/directives/router_link.ts:434:66)
	    at _RouterLink.ngOnChanges (http://localhost:9876/k8-fastbuild-ST-199a4f3c4e20/bin/packages/router/src/directives/router_link.ts:341:12)
	    at _RouterLink.rememberChangeHistoryAndInvokeOnChangesHook (http://localhost:9876/k8-fastbuild-ST-199a4f3c4e20/bin/packages/core/src/render3/features/ng_onchanges_feature.ts:83:10)
	    at callHookInternal (http://localhost:9876/k8-fastbuild-ST-199a4f3c4e20/bin/packages/core/src/render3/hooks.ts:290:10)
	    at callHook (http://localhost:9876/k8-fastbuild-ST-199a4f3c4e20/bin/packages/core/src/render3/hooks.ts:322:5)
	    at callHooks (http://localhost:9876/k8-fastbuild-ST-199a4f3c4e20/bin/packages/core/src/render3/hooks.ts:270:9)
	    at executeInitAndCheckHooks (http://localhost:9876/k8-fastbuild-ST-199a4f3c4e20/bin/packages/core/src/render3/hooks.ts:205:5)
	    at refreshView (http://localhost:9876/k8-fastbuild-ST-199a4f3c4e20/bin/packages/core/src/render3/instructions/change_detection.ts:249:11)
	    at detectChangesInView (http://localhost:9876/k8-fastbuild-ST-199a4f3c4e20/bin/packages/core/src/render3/instructions/change_detection.ts:495:5)
	    at detectChangesInViewIfAttached (http://localhost:9876/k8-fastbuild-ST-199a4f3c4e20/bin/packages/core/src/render3/instructions/change_detection.ts:443:3)
Chrome Headless 144.0.0.0 (Windows 10): Executed 157 of 168[31m (53 FAILED)[39m (0 secs / 0.452 secs)
[1A[2K[31mChrome Headless 144.0.0.0 (Windows 10) LoginComponent should initialize form with email and password fields FAILED[39m
	TypeError: this.router.serializeUrl is not a function
	    at _RouterLink.updateHref (http://localhost:9876/k8-fastbuild-ST-199a4f3c4e20/bin/packages/router/src/directives/router_link.ts:434:66)
	    at _RouterLink.ngOnChanges (http://localhost:9876/k8-fastbuild-ST-199a4f3c4e20/bin/packages/router/src/directives/router_link.ts:341:12)
	    at _RouterLink.rememberChangeHistoryAndInvokeOnChangesHook (http://localhost:9876/k8-fastbuild-ST-199a4f3c4e20/bin/packages/core/src/render3/features/ng_onchanges_feature.ts:83:10)
	    at callHookInternal (http://localhost:9876/k8-fastbuild-ST-199a4f3c4e20/bin/packages/core/src/render3/hooks.ts:290:10)
	    at callHook (http://localhost:9876/k8-fastbuild-ST-199a4f3c4e20/bin/packages/core/src/render3/hooks.ts:322:5)
	    at callHooks (http://localhost:9876/k8-fastbuild-ST-199a4f3c4e20/bin/packages/core/src/render3/hooks.ts:270:9)
	    at executeInitAndCheckHooks (http://localhost:9876/k8-fastbuild-ST-199a4f3c4e20/bin/packages/core/src/render3/hooks.ts:205:5)
	    at refreshView (http://localhost:9876/k8-fastbuild-ST-199a4f3c4e20/bin/packages/core/src/render3/instructions/change_detection.ts:249:11)
	    at detectChangesInView (http://localhost:9876/k8-fastbuild-ST-199a4f3c4e20/bin/packages/core/src/render3/instructions/change_detection.ts:495:5)
	    at detectChangesInViewIfAttached (http://localhost:9876/k8-fastbuild-ST-199a4f3c4e20/bin/packages/core/src/render3/instructions/change_detection.ts:443:3)
Chrome Headless 144.0.0.0 (Windows 10): Executed 158 of 168[31m (54 FAILED)[39m (0 secs / 0.454 secs)
[1A[2K[31mChrome Headless 144.0.0.0 (Windows 10) LoginComponent should validate password minimum length FAILED[39m
	TypeError: this.router.serializeUrl is not a function
	    at _RouterLink.updateHref (http://localhost:9876/k8-fastbuild-ST-199a4f3c4e20/bin/packages/router/src/directives/router_link.ts:434:66)
	    at _RouterLink.ngOnChanges (http://localhost:9876/k8-fastbuild-ST-199a4f3c4e20/bin/packages/router/src/directives/router_link.ts:341:12)
	    at _RouterLink.rememberChangeHistoryAndInvokeOnChangesHook (http://localhost:9876/k8-fastbuild-ST-199a4f3c4e20/bin/packages/core/src/render3/features/ng_onchanges_feature.ts:83:10)
	    at callHookInternal (http://localhost:9876/k8-fastbuild-ST-199a4f3c4e20/bin/packages/core/src/render3/hooks.ts:290:10)
	    at callHook (http://localhost:9876/k8-fastbuild-ST-199a4f3c4e20/bin/packages/core/src/render3/hooks.ts:322:5)
	    at callHooks (http://localhost:9876/k8-fastbuild-ST-199a4f3c4e20/bin/packages/core/src/render3/hooks.ts:270:9)
	    at executeInitAndCheckHooks (http://localhost:9876/k8-fastbuild-ST-199a4f3c4e20/bin/packages/core/src/render3/hooks.ts:205:5)
	    at refreshView (http://localhost:9876/k8-fastbuild-ST-199a4f3c4e20/bin/packages/core/src/render3/instructions/change_detection.ts:249:11)
	    at detectChangesInView (http://localhost:9876/k8-fastbuild-ST-199a4f3c4e20/bin/packages/core/src/render3/instructions/change_detection.ts:495:5)
	    at detectChangesInViewIfAttached (http://localhost:9876/k8-fastbuild-ST-199a4f3c4e20/bin/packages/core/src/render3/instructions/change_detection.ts:443:3)
Chrome Headless 144.0.0.0 (Windows 10): Executed 159 of 168[31m (55 FAILED)[39m (0 secs / 0.456 secs)
[1A[2K[31mChrome Headless 144.0.0.0 (Windows 10) LoginComponent should validate email format FAILED[39m
	TypeError: this.router.serializeUrl is not a function
	    at _RouterLink.updateHref (http://localhost:9876/k8-fastbuild-ST-199a4f3c4e20/bin/packages/router/src/directives/router_link.ts:434:66)
	    at _RouterLink.ngOnChanges (http://localhost:9876/k8-fastbuild-ST-199a4f3c4e20/bin/packages/router/src/directives/router_link.ts:341:12)
	    at _RouterLink.rememberChangeHistoryAndInvokeOnChangesHook (http://localhost:9876/k8-fastbuild-ST-199a4f3c4e20/bin/packages/core/src/render3/features/ng_onchanges_feature.ts:83:10)
	    at callHookInternal (http://localhost:9876/k8-fastbuild-ST-199a4f3c4e20/bin/packages/core/src/render3/hooks.ts:290:10)
	    at callHook (http://localhost:9876/k8-fastbuild-ST-199a4f3c4e20/bin/packages/core/src/render3/hooks.ts:322:5)
	    at callHooks (http://localhost:9876/k8-fastbuild-ST-199a4f3c4e20/bin/packages/core/src/render3/hooks.ts:270:9)
	    at executeInitAndCheckHooks (http://localhost:9876/k8-fastbuild-ST-199a4f3c4e20/bin/packages/core/src/render3/hooks.ts:205:5)
	    at refreshView (http://localhost:9876/k8-fastbuild-ST-199a4f3c4e20/bin/packages/core/src/render3/instructions/change_detection.ts:249:11)
	    at detectChangesInView (http://localhost:9876/k8-fastbuild-ST-199a4f3c4e20/bin/packages/core/src/render3/instructions/change_detection.ts:495:5)
	    at detectChangesInViewIfAttached (http://localhost:9876/k8-fastbuild-ST-199a4f3c4e20/bin/packages/core/src/render3/instructions/change_detection.ts:443:3)
Chrome Headless 144.0.0.0 (Windows 10): Executed 160 of 168[31m (56 FAILED)[39m (0 secs / 0.458 secs)
[1A[2K[31mChrome Headless 144.0.0.0 (Windows 10) LoginComponent should set loading state during login FAILED[39m
	TypeError: this.router.serializeUrl is not a function
	    at _RouterLink.updateHref (http://localhost:9876/k8-fastbuild-ST-199a4f3c4e20/bin/packages/router/src/directives/router_link.ts:434:66)
	    at _RouterLink.ngOnChanges (http://localhost:9876/k8-fastbuild-ST-199a4f3c4e20/bin/packages/router/src/directives/router_link.ts:341:12)
	    at _RouterLink.rememberChangeHistoryAndInvokeOnChangesHook (http://localhost:9876/k8-fastbuild-ST-199a4f3c4e20/bin/packages/core/src/render3/features/ng_onchanges_feature.ts:83:10)
	    at callHookInternal (http://localhost:9876/k8-fastbuild-ST-199a4f3c4e20/bin/packages/core/src/render3/hooks.ts:290:10)
	    at callHook (http://localhost:9876/k8-fastbuild-ST-199a4f3c4e20/bin/packages/core/src/render3/hooks.ts:322:5)
	    at callHooks (http://localhost:9876/k8-fastbuild-ST-199a4f3c4e20/bin/packages/core/src/render3/hooks.ts:270:9)
	    at executeInitAndCheckHooks (http://localhost:9876/k8-fastbuild-ST-199a4f3c4e20/bin/packages/core/src/render3/hooks.ts:205:5)
	    at refreshView (http://localhost:9876/k8-fastbuild-ST-199a4f3c4e20/bin/packages/core/src/render3/instructions/change_detection.ts:249:11)
	    at detectChangesInView (http://localhost:9876/k8-fastbuild-ST-199a4f3c4e20/bin/packages/core/src/render3/instructions/change_detection.ts:495:5)
	    at detectChangesInViewIfAttached (http://localhost:9876/k8-fastbuild-ST-199a4f3c4e20/bin/packages/core/src/render3/instructions/change_detection.ts:443:3)
Chrome Headless 144.0.0.0 (Windows 10): Executed 161 of 168[31m (57 FAILED)[39m (0 secs / 0.46 secs)
[1A[2K[31mChrome Headless 144.0.0.0 (Windows 10) LoginComponent should show error if form is invalid on submit FAILED[39m
	TypeError: this.router.serializeUrl is not a function
	    at _RouterLink.updateHref (http://localhost:9876/k8-fastbuild-ST-199a4f3c4e20/bin/packages/router/src/directives/router_link.ts:434:66)
	    at _RouterLink.ngOnChanges (http://localhost:9876/k8-fastbuild-ST-199a4f3c4e20/bin/packages/router/src/directives/router_link.ts:341:12)
	    at _RouterLink.rememberChangeHistoryAndInvokeOnChangesHook (http://localhost:9876/k8-fastbuild-ST-199a4f3c4e20/bin/packages/core/src/render3/features/ng_onchanges_feature.ts:83:10)
	    at callHookInternal (http://localhost:9876/k8-fastbuild-ST-199a4f3c4e20/bin/packages/core/src/render3/hooks.ts:290:10)
	    at callHook (http://localhost:9876/k8-fastbuild-ST-199a4f3c4e20/bin/packages/core/src/render3/hooks.ts:322:5)
	    at callHooks (http://localhost:9876/k8-fastbuild-ST-199a4f3c4e20/bin/packages/core/src/render3/hooks.ts:270:9)
	    at executeInitAndCheckHooks (http://localhost:9876/k8-fastbuild-ST-199a4f3c4e20/bin/packages/core/src/render3/hooks.ts:205:5)
	    at refreshView (http://localhost:9876/k8-fastbuild-ST-199a4f3c4e20/bin/packages/core/src/render3/instructions/change_detection.ts:249:11)
	    at detectChangesInView (http://localhost:9876/k8-fastbuild-ST-199a4f3c4e20/bin/packages/core/src/render3/instructions/change_detection.ts:495:5)
	    at detectChangesInViewIfAttached (http://localhost:9876/k8-fastbuild-ST-199a4f3c4e20/bin/packages/core/src/render3/instructions/change_detection.ts:443:3)
Chrome Headless 144.0.0.0 (Windows 10): Executed 162 of 168[31m (58 FAILED)[39m (0 secs / 0.463 secs)
[1A[2K[31mChrome Headless 144.0.0.0 (Windows 10) LoginComponent should validate email field as required FAILED[39m
	TypeError: this.router.serializeUrl is not a function
	    at _RouterLink.updateHref (http://localhost:9876/k8-fastbuild-ST-199a4f3c4e20/bin/packages/router/src/directives/router_link.ts:434:66)
	    at _RouterLink.ngOnChanges (http://localhost:9876/k8-fastbuild-ST-199a4f3c4e20/bin/packages/router/src/directives/router_link.ts:341:12)
	    at _RouterLink.rememberChangeHistoryAndInvokeOnChangesHook (http://localhost:9876/k8-fastbuild-ST-199a4f3c4e20/bin/packages/core/src/render3/features/ng_onchanges_feature.ts:83:10)
	    at callHookInternal (http://localhost:9876/k8-fastbuild-ST-199a4f3c4e20/bin/packages/core/src/render3/hooks.ts:290:10)
	    at callHook (http://localhost:9876/k8-fastbuild-ST-199a4f3c4e20/bin/packages/core/src/render3/hooks.ts:322:5)
	    at callHooks (http://localhost:9876/k8-fastbuild-ST-199a4f3c4e20/bin/packages/core/src/render3/hooks.ts:270:9)
	    at executeInitAndCheckHooks (http://localhost:9876/k8-fastbuild-ST-199a4f3c4e20/bin/packages/core/src/render3/hooks.ts:205:5)
	    at refreshView (http://localhost:9876/k8-fastbuild-ST-199a4f3c4e20/bin/packages/core/src/render3/instructions/change_detection.ts:249:11)
	    at detectChangesInView (http://localhost:9876/k8-fastbuild-ST-199a4f3c4e20/bin/packages/core/src/render3/instructions/change_detection.ts:495:5)
	    at detectChangesInViewIfAttached (http://localhost:9876/k8-fastbuild-ST-199a4f3c4e20/bin/packages/core/src/render3/instructions/change_detection.ts:443:3)
Chrome Headless 144.0.0.0 (Windows 10): Executed 163 of 168[31m (59 FAILED)[39m (0 secs / 0.465 secs)
[1A[2K[31mChrome Headless 144.0.0.0 (Windows 10) LoginComponent should create FAILED[39m
	TypeError: this.router.serializeUrl is not a function
	    at _RouterLink.updateHref (http://localhost:9876/k8-fastbuild-ST-199a4f3c4e20/bin/packages/router/src/directives/router_link.ts:434:66)
	    at _RouterLink.ngOnChanges (http://localhost:9876/k8-fastbuild-ST-199a4f3c4e20/bin/packages/router/src/directives/router_link.ts:341:12)
	    at _RouterLink.rememberChangeHistoryAndInvokeOnChangesHook (http://localhost:9876/k8-fastbuild-ST-199a4f3c4e20/bin/packages/core/src/render3/features/ng_onchanges_feature.ts:83:10)
	    at callHookInternal (http://localhost:9876/k8-fastbuild-ST-199a4f3c4e20/bin/packages/core/src/render3/hooks.ts:290:10)
	    at callHook (http://localhost:9876/k8-fastbuild-ST-199a4f3c4e20/bin/packages/core/src/render3/hooks.ts:322:5)
	    at callHooks (http://localhost:9876/k8-fastbuild-ST-199a4f3c4e20/bin/packages/core/src/render3/hooks.ts:270:9)
	    at executeInitAndCheckHooks (http://localhost:9876/k8-fastbuild-ST-199a4f3c4e20/bin/packages/core/src/render3/hooks.ts:205:5)
	    at refreshView (http://localhost:9876/k8-fastbuild-ST-199a4f3c4e20/bin/packages/core/src/render3/instructions/change_detection.ts:249:11)
	    at detectChangesInView (http://localhost:9876/k8-fastbuild-ST-199a4f3c4e20/bin/packages/core/src/render3/instructions/change_detection.ts:495:5)
	    at detectChangesInViewIfAttached (http://localhost:9876/k8-fastbuild-ST-199a4f3c4e20/bin/packages/core/src/render3/instructions/change_detection.ts:443:3)
Chrome Headless 144.0.0.0 (Windows 10): Executed 164 of 168[31m (60 FAILED)[39m (0 secs / 0.466 secs)
[1A[2KLOG: [36m'­ƒÜÇ RemindMe PWA iniciado'[39m
Chrome Headless 144.0.0.0 (Windows 10): Executed 164 of 168[31m (60 FAILED)[39m (0 secs / 0.466 secs)
LOG: '­ƒÜÇ RemindMe PWA iniciado'
[1A[2KLOG: [36m'­ƒô▒ ┬┐App instalada?', false[39m
Chrome Headless 144.0.0.0 (Windows 10): Executed 164 of 168[31m (60 FAILED)[39m (0 secs / 0.466 secs)
LOG: '­ƒô▒ ┬┐App instalada?', false
[1A[2KLOG: [36m'­ƒÆ¥ ┬┐Puede instalarse?', false[39m
Chrome Headless 144.0.0.0 (Windows 10): Executed 164 of 168[31m (60 FAILED)[39m (0 secs / 0.466 secs)
LOG: '­ƒÆ¥ ┬┐Puede instalarse?', false
[1A[2KLOG: [36m'ÔÜá´©Å Permisos de notificaci├│n no otorgados'[39m
Chrome Headless 144.0.0.0 (Windows 10): Executed 164 of 168[31m (60 FAILED)[39m (0 secs / 0.466 secs)
LOG: 'ÔÜá´©Å Permisos de notificaci├│n no otorgados'
[1A[2KChrome Headless 144.0.0.0 (Windows 10): Executed 165 of 168[31m (60 FAILED)[39m (0 secs / 0.474 secs)
[1A[2KLOG: [36m'­ƒÜÇ RemindMe PWA iniciado'[39m
Chrome Headless 144.0.0.0 (Windows 10): Executed 165 of 168[31m (60 FAILED)[39m (0 secs / 0.474 secs)
LOG: '­ƒÜÇ RemindMe PWA iniciado'
[1A[2KLOG: [36m'­ƒô▒ ┬┐App instalada?', false[39m
Chrome Headless 144.0.0.0 (Windows 10): Executed 165 of 168[31m (60 FAILED)[39m (0 secs / 0.474 secs)
LOG: '­ƒô▒ ┬┐App instalada?', false
[1A[2KLOG: [36m'­ƒÆ¥ ┬┐Puede instalarse?', false[39m
Chrome Headless 144.0.0.0 (Windows 10): Executed 165 of 168[31m (60 FAILED)[39m (0 secs / 0.474 secs)
LOG: '­ƒÆ¥ ┬┐Puede instalarse?', false
[1A[2KLOG: [36m'ÔÜá´©Å Permisos de notificaci├│n no otorgados'[39m
Chrome Headless 144.0.0.0 (Windows 10): Executed 165 of 168[31m (60 FAILED)[39m (0 secs / 0.474 secs)
LOG: 'ÔÜá´©Å Permisos de notificaci├│n no otorgados'
[1A[2KChrome Headless 144.0.0.0 (Windows 10): Executed 166 of 168[31m (60 FAILED)[39m (0 secs / 0.475 secs)
[1A[2KChrome Headless 144.0.0.0 (Windows 10): Executed 167 of 168[31m (60 FAILED)[39m (0 secs / 0.476 secs)
[1A[2KChrome Headless 144.0.0.0 (Windows 10): Executed 168 of 168[31m (60 FAILED)[39m (0 secs / 0.477 secs)
[1A[2KChrome Headless 144.0.0.0 (Windows 10): Executed 168 of 168[31m (60 FAILED)[39m (0.563 secs / 0.477 secs)
[31mTOTAL: 60 FAILED, 108 SUCCESS[39m

=============================== Coverage summary ===============================
Statements   : 38.47% ( 429/1115 )
Branches     : 19.64% ( 78/397 )
Functions    : 37.55% ( 92/245 )
Lines        : 38.22% ( 406/1062 )
================================================================================
